#cell_id	:	clone_id1	count1	clone_id2	count2	...
AAACCTGAGTAGCGGT	:	TGTCAATCGTTCGGTTGAGCAAGATCTTAG	3
AAACCTGAGTCCAGGA	:	TGTCAATCGTTCGGTTGAGCAAGATCTTAG	2
AAACGGGTCCTTCAAT	:	TGTCAATCGTTCGGTTGAGCAAGATCTTAG	2
AAAGATGAGAGGTACC	:	TGTCAATCGTTCGGTTGAGCAAGATCTTAG	2
AAAGTAGTCGACCAGC	:	TGTCAATCGTTCGGTTGAGCAAGATCTTAG	2
AACACGTAGCTAAACA	:	TGTCAATCGTTCGGTTGAGCAAGATCTTAG	4
AACACGTAGTCTCAAC	:	TGTCAATCGTTCGGTTGAGCAAGATCTTAG	3
AACCATGCACATAACC	:	TGTCAATCGTTCGGTTGAGCAAGATCTTAG	6
AACCATGGTGAAATCA	:	TGTCAATCGTTCGGTTGAGCAAGATCTTAG	2
AACCGCGCACAACGTT	:	TGTCAATCGTTCGGTTGAGCAAGATCTTAG	3
AACCGCGTCAACCATG	:	TGTCAATCGTTCGGTTGAGCAAGATCTTAG	3
AACGTTGAGACTTGAA	:	TGTCAATCGTTCGGTTGAGCAAGATCTTAG	2
AACGTTGGTCGGCACT	:	TGTCAATCGTTCGGTTGAGCAAGATCTTAG	2
AACGTTGTCTAAGCCA	:	TGTCAATCGTTCGGTTGAGCAAGATCTTAG	5
AACTCAGTCAAACCAC	:	TGTCAATCGTTCGGTTGAGCAAGATCTTAG	2
AACTCAGTCTAGAGTC	:	TGTCAATCGTTCGGTTGAGCAAGATCTTAG	2
AACTCCCGTAGCTAAA	:	TGTCAATCGTTCGGTTGAGCAAGATCTTAG	2
AACTCTTAGTGGTCCC	:	TGTCAATCGTTCGGTTGAGCAAGATCTTAG	2
AACTGGTGTAGCACGA	:	TGTCAATCGTTCGGTTGAGCAAGATCTTAG	2
AACTGGTTCCACGCAG	:	TGTCAATCGTTCGGTTGAGCAAGATCTTAG	2
AACTTTCAGAGGTAGA	:	TGTCAATCGTTCGGTTGAGCAAGATCTTAG	2
AACTTTCCATAGGATA	:	TGTCAATCGTTCGGTTGAGCAAGATCTTAG	3
AAGCCGCGTACCAGTT	:	TGTCAATCGTTCGGTTGAGCAAGATCTTAG	2
AAGGAGCAGAGGTTAT	:	TGTCAATCGTTCGGTTGAGCAAGATCTTAG	2
AAGGCAGAGGATGCGT	:	TGTCAATCGTTCGGTTGAGCAAGATCTTAG	2
AAGGCAGGTGCCTGGT	:	TGTCAATCGTTCGGTTGAGCAAGATCTTAG	3
AAGGTTCCACAACTGT	:	TGTCAATCGTTCGGTTGAGCAAGATCTTAG	2
AAGTCTGCAAGGGTCA	:	TGTCAATCGTTCGGTTGAGCAAGATCTTAG	4
AAGTCTGCATCCAACA	:	TGTCAATCGTTCGGTTGAGCAAGATCTTAG	2
AATCCAGAGGCGTACA	:	TGTCAATCGTTCGGTTGAGCAAGATCTTAG	2
AATCCAGCATTTGCCC	:	TGTCAATCGTTCGGTTGAGCAAGATCTTAG	2
AATCCAGTCTGCTGTC	:	TGTCAATCGTTCGGTTGAGCAAGATCTTAG	3
ACACCAATCTACCAGA	:	TGTCAATCGTTCGGTTGAGCAAGATCTTAG	2
ACAGCTAGTACAGTTC	:	TGTCAATCGTTCGGTTGAGCAAGATCTTAG	3
ACAGCTAGTCAGAGGT	:	TGTCAATCGTTCGGTTGAGCAAGATCTTAG	4
ACATACGAGTGCTGCC	:	TGTCAATCGTTCGGTTGAGCAAGATCTTAG	5
ACATACGGTGGTCCGT	:	TGTCAATCGTTCGGTTGAGCAAGATCTTAG	4
ACATCAGCACAGATTC	:	TGTCAATCGTTCGGTTGAGCAAGATCTTAG	2
ACATCAGCAGTTCATG	:	TGTCAATCGTTCGGTTGAGCAAGATCTTAG	2
ACATCAGGTTATCGGT	:	TGTCAATCGTTCGGTTGAGCAAGATCTTAG	2
ACATGGTAGGAGTTGC	:	TGTCAATCGTTCGGTTGAGCAAGATCTTAG	3
ACATGGTCACAGCCCA	:	TGTCAATCGTTCGGTTGAGCAAGATCTTAG	3
ACATGGTCACCAGATT	:	TGTCAATCGTTCGGTTGAGCAAGATCTTAG	2
ACATGGTGTCTTCAAG	:	TGTCAATCGTTCGGTTGAGCAAGATCTTAG	2
ACATGGTGTGGCAAAC	:	TGTCAATCGTTCGGTTGAGCAAGATCTTAG	2
ACCAGTAAGTCCATAC	:	TGTCAATCGTTCGGTTGAGCAAGATCTTAG	2
ACCAGTACACTTACGA	:	TGTCAATCGTTCGGTTGAGCAAGATCTTAG	3
ACCGTAAGTAATCGTC	:	TGTCAATCGTTCGGTTGAGCAAGATCTTAG	2
ACCGTAAGTGATGTGG	:	TGTCAATCGTTCGGTTGAGCAAGATCTTAG	2
ACCTTTACATACCATG	:	TGTCAATCGTTCGGTTGAGCAAGATCTTAG	3
ACCTTTAGTGACGGTA	:	TGTCAATCGTTCGGTTGAGCAAGATCTTAG	2
ACCTTTATCCGAGCCA	:	TGTCAATCGTTCGGTTGAGCAAGATCTTAG	4
ACGAGCCAGCTAGTGG	:	TGTCAATCGTTCGGTTGAGCAAGATCTTAG	2
ACGAGCCCAAGCCCAC	:	TGTCAATCGTTCGGTTGAGCAAGATCTTAG	2
ACGAGGAGTATAGTAG	:	TGTCAATCGTTCGGTTGAGCAAGATCTTAG	4
ACGATGTGTCACACGC	:	TGTCAATCGTTCGGTTGAGCAAGATCTTAG	2
ACGATGTTCTTTACGT	:	TGTCAATCGTTCGGTTGAGCAAGATCTTAG	3
ACGCAGCAGAGCAATT	:	TGTCAATCGTTCGGTTGAGCAAGATCTTAG	2
ACGCAGCGTTAGTGGG	:	TGTCAATCGTTCGGTTGAGCAAGATCTTAG	2
ACGCCAGCAGCTGCAC	:	TGTCAATCGTTCGGTTGAGCAAGATCTTAG	2
ACGCCGAAGCTAACTC	:	TGTCAATCGTTCGGTTGAGCAAGATCTTAG	2
ACGCCGATCGCCATAA	:	TGTCAATCGTTCGGTTGAGCAAGATCTTAG	3
ACGCCGATCGTAGATC	:	TGTCAATCGTTCGGTTGAGCAAGATCTTAG	2
ACGGAGAGTCAAGCGA	:	TGTCAATCGTTCGGTTGAGCAAGATCTTAG	2
ACGGCCAAGTATTGGA	:	TGTCAATCGTTCGGTTGAGCAAGATCTTAG	2
ACGGCCACAAGGTTCT	:	TGTCAATCGTTCGGTTGAGCAAGATCTTAG	2
ACGGCCATCTGGTATG	:	TGTCAATCGTTCGGTTGAGCAAGATCTTAG	3
ACGTCAAAGCTCCCAG	:	TGTCAATCGTTCGGTTGAGCAAGATCTTAG	2
ACTATCTCACAGTCGC	:	TGTCAATCGTTCGGTTGAGCAAGATCTTAG	5
ACTATCTGTCTGATCA	:	TGTCAATCGTTCGGTTGAGCAAGATCTTAG	2
ACTATCTTCGTCTGAA	:	TGTCAATCGTTCGGTTGAGCAAGATCTTAG	3
ACTGAACAGAGATGAG	:	TGTCAATCGTTCGGTTGAGCAAGATCTTAG	2
ACTGAACCAAGAAAGG	:	TGTCAATCGTTCGGTTGAGCAAGATCTTAG	2
ACTGAACTCAGGTAAA	:	TGTCAATCGTTCGGTTGAGCAAGATCTTAG	2
ACTGAGTCAAGACACG	:	TGTCAATCGTTCGGTTGAGCAAGATCTTAG	2
ACTGAGTTCCGTTGCT	:	TGTCAATCGTTCGGTTGAGCAAGATCTTAG	11
ACTGCTCTCTGAGGGA	:	TGTCAATCGTTCGGTTGAGCAAGATCTTAG	2
ACTGCTCTCTTGAGAC	:	TGTCAATCGTTCGGTTGAGCAAGATCTTAG	3
ACTTACTTCACCAGGC	:	TGTCAATCGTTCGGTTGAGCAAGATCTTAG	2
ACTTGTTAGCGTGTCC	:	TGTCAATCGTTCGGTTGAGCAAGATCTTAG	4
ACTTGTTGTACTTAGC	:	TGTCAATCGTTCGGTTGAGCAAGATCTTAG	5
ACTTTCAAGCTACCTA	:	TGTCAATCGTTCGGTTGAGCAAGATCTTAG	5
AGAATAGTCCAAGTAC	:	TGTCAATCGTTCGGTTGAGCAAGATCTTAG	2
AGACGTTAGGCATGTG	:	TGTCAATCGTTCGGTTGAGCAAGATCTTAG	2
AGACGTTGTAAGTGGC	:	TGTCAATCGTTCGGTTGAGCAAGATCTTAG	4
AGAGCGAAGAGAGCTC	:	TGTCAATCGTTCGGTTGAGCAAGATCTTAG	2
AGAGCGAAGGAATGGA	:	TGTCAATCGTTCGGTTGAGCAAGATCTTAG	2
AGAGCGACATTGGTAC	:	TGTCAATCGTTCGGTTGAGCAAGATCTTAG	2
AGAGCGATCGTTACAG	:	TGTCAATCGTTCGGTTGAGCAAGATCTTAG	3
AGAGCTTTCGTCGTTC	:	TGTCAATCGTTCGGTTGAGCAAGATCTTAG	3
AGAGTGGAGAGTGACC	:	TGTCAATCGTTCGGTTGAGCAAGATCTTAG	3
AGAGTGGAGCACCGTC	:	TGTCAATCGTTCGGTTGAGCAAGATCTTAG	4
AGAGTGGAGGTAAACT	:	TGTCAATCGTTCGGTTGAGCAAGATCTTAG	2
AGAGTGGAGTGTGGCA	:	TGTCAATCGTTCGGTTGAGCAAGATCTTAG	2
AGAGTGGGTGGGTATG	:	TGTCAATCGTTCGGTTGAGCAAGATCTTAG	2
AGATTGCAGGCTATCT	:	TGTCAATCGTTCGGTTGAGCAAGATCTTAG	3
AGATTGCAGTGAACGC	:	TGTCAATCGTTCGGTTGAGCAAGATCTTAG	2
AGATTGCTCACCACCT	:	TGTCAATCGTTCGGTTGAGCAAGATCTTAG	3
AGCAGCCAGTCAATAG	:	TGTCAATCGTTCGGTTGAGCAAGATCTTAG	3
AGCAGCCTCATAACCG	:	TGTCAATCGTTCGGTTGAGCAAGATCTTAG	3
AGCATACGTCATACTG	:	GGTCTCCCTATACCAACAGTATCGTCTCAA	5
AGCCTAAAGGTGGGTT	:	TGTCAATCGTTCGGTTGAGCAAGATCTTAG	3
AGCCTAACATACCATG	:	TGTCAATCGTTCGGTTGAGCAAGATCTTAG	2
AGCGGTCTCATGTGGT	:	TGTCAATCGTTCGGTTGAGCAAGATCTTAG	4
AGCTCCTGTCGAACAG	:	TGTCAATCGTTCGGTTGAGCAAGATCTTAG	2
AGCTCTCAGAACTCGG	:	TGTCAATCGTTCGGTTGAGCAAGATCTTAG	4
AGCTCTCTCAACGGGA	:	TGTCAATCGTTCGGTTGAGCAAGATCTTAG	2
AGCTCTCTCCTAAGTG	:	TGTCAATCGTTCGGTTGAGCAAGATCTTAG	2
AGCTTGAAGTGGTAGC	:	TGTCAATCGTTCGGTTGAGCAAGATCTTAG	3
AGCTTGACACGTAAGG	:	TGTCAATCGTTCGGTTGAGCAAGATCTTAG	4
AGCTTGAGTCCCGACA	:	TGTCAATCGTTCGGTTGAGCAAGATCTTAG	3
AGGCCGTGTTCATGGT	:	TGTCAATCGTTCGGTTGAGCAAGATCTTAG	3
AGGGATGGTTCGTTGA	:	TGTCAATCGTTCGGTTGAGCAAGATCTTAG	2
AGGGTGAAGATAGGAG	:	TGTCAATCGTTCGGTTGAGCAAGATCTTAG	2
AGGTCATAGCGTCTAT	:	TGTCAATCGTTCGGTTGAGCAAGATCTTAG	2
AGGTCCGGTTACGTCA	:	GGCGGAGACGGCACACACCGAGGGTCAGTT	2
AGTAGTCCAAGCGATG	:	TGTCAATCGTTCGGTTGAGCAAGATCTTAG	5
AGTAGTCCAGAGCCAA	:	TGTCAATCGTTCGGTTGAGCAAGATCTTAG	2
AGTAGTCGTCCTCTTG	:	TGTCAATCGTTCGGTTGAGCAAGATCTTAG	2
AGTCTTTAGCGACGTA	:	TGTCAATCGTTCGGTTGAGCAAGATCTTAG	2
AGTCTTTAGCTCCTCT	:	TGTCAATCGTTCGGTTGAGCAAGATCTTAG	2
AGTCTTTCAAGTCTAC	:	TGTCAATCGTTCGGTTGAGCAAGATCTTAG	2
AGTCTTTTCACGCGGT	:	TGTCAATCGTTCGGTTGAGCAAGATCTTAG	3
AGTGGGAGTTGCGTTA	:	TGTCAATCGTTCGGTTGAGCAAGATCTTAG	2
AGTTGGTCAGGAATGC	:	TGTCAATCGTTCGGTTGAGCAAGATCTTAG	2
ATAACGCAGAGTGAGA	:	TGTCAATCGTTCGGTTGAGCAAGATCTTAG	2
ATAGACCAGTCCGTAT	:	TGTCAATCGTTCGGTTGAGCAAGATCTTAG	2
ATCACGATCACTGGGC	:	TGTCAATCGTTCGGTTGAGCAAGATCTTAG	4
ATCATCTCAATTCCTT	:	TGTCAATCGTTCGGTTGAGCAAGATCTTAG	2
ATCATCTTCCCAACGG	:	TGTCAATCGTTCGGTTGAGCAAGATCTTAG	2
ATCATCTTCTTAACCT	:	TGTCAATCGTTCGGTTGAGCAAGATCTTAG	4
ATCCACCCACTTAACG	:	TGTCAATCGTTCGGTTGAGCAAGATCTTAG	3
ATCCGAAAGTATGACA	:	GGTCTCCCTATACCAACAGTATCGTCTCAA	2
ATCCGAACAATCAGAA	:	TGTCAATCGTTCGGTTGAGCAAGATCTTAG	2
ATCCGAACATCTCGCT	:	TGTCAATCGTTCGGTTGAGCAAGATCTTAG	2
ATCGAGTAGTAACCCT	:	TGTCAATCGTTCGGTTGAGCAAGATCTTAG	2
ATCGAGTTCAAGGCTT	:	TGTCAATCGTTCGGTTGAGCAAGATCTTAG	2
ATCGAGTTCTCTAAGG	:	TGTCAATCGTTCGGTTGAGCAAGATCTTAG	2
ATGAGGGAGTGTTTGC	:	TGTCAATCGTTCGGTTGAGCAAGATCTTAG	2
ATGCGATAGTGTCTCA	:	TGTCAATCGTTCGGTTGAGCAAGATCTTAG	2
ATGCGATTCCAAACAC	:	TGTCAATCGTTCGGTTGAGCAAGATCTTAG	2
ATGGGAGAGAACTCGG	:	TGTCAATCGTTCGGTTGAGCAAGATCTTAG	2
ATGGGAGTCGTTGCCT	:	TGTCAATCGTTCGGTTGAGCAAGATCTTAG	11
ATGGGAGTCTGGTGTA	:	TGTCAATCGTTCGGTTGAGCAAGATCTTAG	2
ATGTGTGCAGTGGAGT	:	TGTCAATCGTTCGGTTGAGCAAGATCTTAG	2
ATGTGTGTCAAACGGG	:	TGTCAATCGTTCGGTTGAGCAAGATCTTAG	2
ATGTGTGTCCCATTAT	:	TGTCAATCGTTCGGTTGAGCAAGATCTTAG	2
ATTACTCTCCACGTGG	:	TGTCAATCGTTCGGTTGAGCAAGATCTTAG	2
ATTATCCCACCTCGTT	:	TGTCAATCGTTCGGTTGAGCAAGATCTTAG	3
ATTATCCTCTTTACGT	:	TGTCAATCGTTCGGTTGAGCAAGATCTTAG	5
ATTCTACAGGTAGCCA	:	TGTCAATCGTTCGGTTGAGCAAGATCTTAG	2
ATTCTACTCCTTTCGG	:	TGTCAATCGTTCGGTTGAGCAAGATCTTAG	2
ATTGGTGAGCGGATCA	:	TGTCAATCGTTCGGTTGAGCAAGATCTTAG	3
ATTTCTGCATAAAGGT	:	TGTCAATCGTTCGGTTGAGCAAGATCTTAG	2
CAACCAAGTGTATGGG	:	TGTCAATCGTTCGGTTGAGCAAGATCTTAG	2
CAACCTCGTGGTCCGT	:	TGTCAATCGTTCGGTTGAGCAAGATCTTAG	3
CAACTAGGTAAACCTC	:	TGTCAATCGTTCGGTTGAGCAAGATCTTAG	2
CAACTAGGTCTAGGTT	:	TGTCAATCGTTCGGTTGAGCAAGATCTTAG	2
CAAGTTGGTCTTCGTC	:	TGTCAATCGTTCGGTTGAGCAAGATCTTAG	3
CACAAACAGCGTTGCC	:	TGTCAATCGTTCGGTTGAGCAAGATCTTAG	2
CACAAACCAAGCGCTC	:	TGTCAATCGTTCGGTTGAGCAAGATCTTAG	2
CACAAACGTTGATTCG	:	TGTCAATCGTTCGGTTGAGCAAGATCTTAG	2
CACACAAAGCCACGCT	:	TGTCAATCGTTCGGTTGAGCAAGATCTTAG	3
CACACAAAGGCCCTTG	:	TGTCAATCGTTCGGTTGAGCAAGATCTTAG	2
CACACAAGTCCGCTGA	:	TGTCAATCGTTCGGTTGAGCAAGATCTTAG	2
CACACAAGTCTGATCA	:	TGTCAATCGTTCGGTTGAGCAAGATCTTAG	5
CACACAAGTTGCGTTA	:	TGTCAATCGTTCGGTTGAGCAAGATCTTAG	4
CACACCTCATTGGCGC	:	TGTCAATCGTTCGGTTGAGCAAGATCTTAG	2
CACACTCAGATTACCC	:	TGTCAATCGTTCGGTTGAGCAAGATCTTAG	5
CACAGTATCAAACAAG	:	TGTCAATCGTTCGGTTGAGCAAGATCTTAG	2
CACATAGTCCATGAAC	:	TGTCAATCGTTCGGTTGAGCAAGATCTTAG	3
CACCAGGAGTCCCACG	:	TGTCAATCGTTCGGTTGAGCAAGATCTTAG	2
CACCAGGGTGCCTTGG	:	TGTCAATCGTTCGGTTGAGCAAGATCTTAG	2
CACCTTGAGCTACCTA	:	TGTCAATCGTTCGGTTGAGCAAGATCTTAG	2
CACCTTGCATAAAGGT	:	TGTCAATCGTTCGGTTGAGCAAGATCTTAG	2
CACCTTGTCTGAGGGA	:	TGTCAATCGTTCGGTTGAGCAAGATCTTAG	2
CACTCCAAGTTAAGTG	:	TGTCAATCGTTCGGTTGAGCAAGATCTTAG	2
CACTCCACAGAAGCAC	:	TGTCAATCGTTCGGTTGAGCAAGATCTTAG	2
CACTCCAGTGTGACGA	:	TGTCAATCGTTCGGTTGAGCAAGATCTTAG	2
CACTCCATCATTCACT	:	TGTCAATCGTTCGGTTGAGCAAGATCTTAG	4
CAGAATCAGTGCCATT	:	TGTCAATCGTTCGGTTGAGCAAGATCTTAG	2
CAGAATCCAATGTAAG	:	TGTCAATCGTTCGGTTGAGCAAGATCTTAG	3
CAGAGAGAGACACGAC	:	TGTCAATCGTTCGGTTGAGCAAGATCTTAG	3
CAGAGAGCAATGGATA	:	TGTCAATCGTTCGGTTGAGCAAGATCTTAG	2
CAGAGAGCACGGTGTC	:	TGTCAATCGTTCGGTTGAGCAAGATCTTAG	2
CAGAGAGGTTCACGGC	:	TGTCAATCGTTCGGTTGAGCAAGATCTTAG	2
CAGCAGCTCGGTGTTA	:	TGTCAATCGTTCGGTTGAGCAAGATCTTAG	2
CAGCATAGTCATACTG	:	TGTCAATCGTTCGGTTGAGCAAGATCTTAG	2
CAGCCGAAGTCACGCC	:	TGTCAATCGTTCGGTTGAGCAAGATCTTAG	2
CAGCCGACACGCATCG	:	TGTCAATCGTTCGGTTGAGCAAGATCTTAG	12
CAGCCGAGTAGCTCCG	:	TGTCAATCGTTCGGTTGAGCAAGATCTTAG	3
CAGCGACCAATGCCAT	:	TGTCAATCGTTCGGTTGAGCAAGATCTTAG	2
CAGCTGGAGTATTGGA	:	TGTCAATCGTTCGGTTGAGCAAGATCTTAG	3
CAGCTGGCACCTATCC	:	TGTCAATCGTTCGGTTGAGCAAGATCTTAG	3
CAGCTGGGTCTAACGT	:	TGTCAATCGTTCGGTTGAGCAAGATCTTAG	2
CAGCTGGTCTATCGCC	:	TGTCAATCGTTCGGTTGAGCAAGATCTTAG	2
CAGTAACAGACTTTCG	:	TGTCAATCGTTCGGTTGAGCAAGATCTTAG	2
CAGTAACAGCTTTGGT	:	TGTCAATCGTTCGGTTGAGCAAGATCTTAG	2
CAGTAACCAAGCCCAC	:	TGTCAATCGTTCGGTTGAGCAAGATCTTAG	4
CAGTAACCAGTAACGG	:	TGTCAATCGTTCGGTTGAGCAAGATCTTAG	2
CAGTAACTCGCTTGTC	:	TGTCAATCGTTCGGTTGAGCAAGATCTTAG	2
CAGTCCTCAGGGTATG	:	TGTCAATCGTTCGGTTGAGCAAGATCTTAG	3
CAGTCCTGTTGCGTTA	:	TGTCAATCGTTCGGTTGAGCAAGATCTTAG	3
CATATGGCATATGAGA	:	TGTCAATCGTTCGGTTGAGCAAGATCTTAG	2
CATCAAGAGATATACG	:	TGTCAATCGTTCGGTTGAGCAAGATCTTAG	2
CATCAAGGTGGTCCGT	:	TGTCAATCGTTCGGTTGAGCAAGATCTTAG	2
CATCAAGTCTGCTGCT	:	TGTCAATCGTTCGGTTGAGCAAGATCTTAG	3
CATCAGACACATGTGT	:	TGTCAATCGTTCGGTTGAGCAAGATCTTAG	3
CATCAGACAGCTCGCA	:	TGTCAATCGTTCGGTTGAGCAAGATCTTAG	2
CATCCACGTTACGACT	:	TGTCAATCGTTCGGTTGAGCAAGATCTTAG	4
CATCGAATCATATCGG	:	TGTCAATCGTTCGGTTGAGCAAGATCTTAG	2
CATGACACATTTGCCC	:	TGTCAATCGTTCGGTTGAGCAAGATCTTAG	2
CATGCCTCAAAGAATC	:	TGTCAATCGTTCGGTTGAGCAAGATCTTAG	2
CATGCCTGTCATACTG	:	TGTCAATCGTTCGGTTGAGCAAGATCTTAG	5
CATTATCAGACTGTAA	:	TGTCAATCGTTCGGTTGAGCAAGATCTTAG	2
CATTCGCAGGCGATAC	:	TGTCAATCGTTCGGTTGAGCAAGATCTTAG	3
CCAATCCTCTCCCTGA	:	TGTCAATCGTTCGGTTGAGCAAGATCTTAG	7
CCACCTACATCCGTGG	:	TGTCAATCGTTCGGTTGAGCAAGATCTTAG	3
CCACCTAGTTGGTTTG	:	TGTCAATCGTTCGGTTGAGCAAGATCTTAG	2
CCACGGATCTATGTGG	:	TGTCAATCGTTCGGTTGAGCAAGATCTTAG	2
CCACTACTCGTCACGG	:	TGTCAATCGTTCGGTTGAGCAAGATCTTAG	2
CCACTACTCTGCGGCA	:	TGTCAATCGTTCGGTTGAGCAAGATCTTAG	2
CCAGCGATCGGTTAAC	:	TGTCAATCGTTCGGTTGAGCAAGATCTTAG	2
CCATTCGTCACATAGC	:	TGTCAATCGTTCGGTTGAGCAAGATCTTAG	2
CCCAATCAGATCCGAG	:	TGTCAATCGTTCGGTTGAGCAAGATCTTAG	3
CCCAATCCACACATGT	:	TGTCAATCGTTCGGTTGAGCAAGATCTTAG	3
CCCAATCTCTTACCGC	:	TGTCAATCGTTCGGTTGAGCAAGATCTTAG	2
CCCAGTTGTGATAAAC	:	TGTCAATCGTTCGGTTGAGCAAGATCTTAG	5
CCCATACAGCTCCTCT	:	TGTCAATCGTTCGGTTGAGCAAGATCTTAG	2
CCCATACCAAGGACAC	:	TGTCAATCGTTCGGTTGAGCAAGATCTTAG	4
CCCTCCTCACCGTTGG	:	TGTCAATCGTTCGGTTGAGCAAGATCTTAG	3
CCCTCCTCACGGTAGA	:	TGTCAATCGTTCGGTTGAGCAAGATCTTAG	5
CCGGGATAGTACACCT	:	TGTCAATCGTTCGGTTGAGCAAGATCTTAG	3
CCGGTAGAGACACTAA	:	TGTCAATCGTTCGGTTGAGCAAGATCTTAG	3
CCGTACTAGTCCATAC	:	TGTCAATCGTTCGGTTGAGCAAGATCTTAG	2
CCGTACTTCCCACTTG	:	TGTCAATCGTTCGGTTGAGCAAGATCTTAG	2
CCGTGGAAGCTGCCCA	:	TGTCAATCGTTCGGTTGAGCAAGATCTTAG	4
CCGTTCAAGATATACG	:	TGTCAATCGTTCGGTTGAGCAAGATCTTAG	2
CCGTTCAAGGCATGTG	:	TGTCAATCGTTCGGTTGAGCAAGATCTTAG	2
CCGTTCAGTACTTCTT	:	TGTCAATCGTTCGGTTGAGCAAGATCTTAG	2
CCTAAAGAGTGTTAGA	:	TGTCAATCGTTCGGTTGAGCAAGATCTTAG	2
CCTACACAGCTAGGCA	:	GGTCTCCCTATACCAACAGTATCGTCTCAA	3
CCTACACAGTACTTGC	:	TGTCAATCGTTCGGTTGAGCAAGATCTTAG	3
CCTACACCATATACGC	:	TGTCAATCGTTCGGTTGAGCAAGATCTTAG	3
CCTACACTCACAAACC	:	TGTCAATCGTTCGGTTGAGCAAGATCTTAG	2
CCTATTACAATGACCT	:	TGTCAATCGTTCGGTTGAGCAAGATCTTAG	3
CCTTACGCAAGCTGTT	:	TGTCAATCGTTCGGTTGAGCAAGATCTTAG	2
CCTTACGCAGCTGTAT	:	TGTCAATCGTTCGGTTGAGCAAGATCTTAG	2
CCTTCGACACAACTGT	:	TGTCAATCGTTCGGTTGAGCAAGATCTTAG	2
CCTTCGACACCTATCC	:	TGTCAATCGTTCGGTTGAGCAAGATCTTAG	2
CCTTCGAGTAACGACG	:	TGTCAATCGTTCGGTTGAGCAAGATCTTAG	4
CCTTCGAGTAGATTAG	:	TGTCAATCGTTCGGTTGAGCAAGATCTTAG	2
CCTTTCTAGATGTGGC	:	TGTCAATCGTTCGGTTGAGCAAGATCTTAG	2
CGAATGTCATGTAAGA	:	TGTCAATCGTTCGGTTGAGCAAGATCTTAG	2
CGAATGTGTCCAAGTT	:	TGTCAATCGTTCGGTTGAGCAAGATCTTAG	2
CGAATGTTCTCTTATG	:	TGTCAATCGTTCGGTTGAGCAAGATCTTAG	3
CGACCTTGTTATGTGC	:	TGTCAATCGTTCGGTTGAGCAAGATCTTAG	3
CGACTTCCATTCCTCG	:	TGTCAATCGTTCGGTTGAGCAAGATCTTAG	2
CGAGAAGCACCGGAAA	:	TGTCAATCGTTCGGTTGAGCAAGATCTTAG	2
CGAGCACGTGACTCAT	:	TGTCAATCGTTCGGTTGAGCAAGATCTTAG	4
CGAGCCAAGAAGGTGA	:	TGTCAATCGTTCGGTTGAGCAAGATCTTAG	2
CGAGCCACACGGATAG	:	TGTCAATCGTTCGGTTGAGCAAGATCTTAG	2
CGATCGGCAGCGTCCA	:	TGTCAATCGTTCGGTTGAGCAAGATCTTAG	2
CGATCGGCATAGGATA	:	TGTCAATCGTTCGGTTGAGCAAGATCTTAG	4
CGATGGCAGCACAGGT	:	TGTCAATCGTTCGGTTGAGCAAGATCTTAG	2
CGATGGCCAGCCTTGG	:	TGTCAATCGTTCGGTTGAGCAAGATCTTAG	5
CGATGTAAGCGTCAAG	:	TGTCAATCGTTCGGTTGAGCAAGATCTTAG	3
CGATGTAAGGCCGAAT	:	TGTCAATCGTTCGGTTGAGCAAGATCTTAG	2
CGATGTACATGCTAGT	:	TGTCAATCGTTCGGTTGAGCAAGATCTTAG	2
CGATGTATCCTGCTTG	:	TGTCAATCGTTCGGTTGAGCAAGATCTTAG	2
CGATTGAAGCACCGCT	:	TGTCAATCGTTCGGTTGAGCAAGATCTTAG	2
CGCCAAGCAGCGTAAG	:	TGTCAATCGTTCGGTTGAGCAAGATCTTAG	2
CGCCAAGGTGTTTGGT	:	TGTCAATCGTTCGGTTGAGCAAGATCTTAG	2
CGCGGTAAGAGAACAG	:	TGTCAATCGTTCGGTTGAGCAAGATCTTAG	3
CGCGGTATCTCGAGTA	:	TGTCAATCGTTCGGTTGAGCAAGATCTTAG	3
CGCTATCCAGCTCCGA	:	TGTCAATCGTTCGGTTGAGCAAGATCTTAG	14
CGCTGGAAGCTCCTCT	:	TGTCAATCGTTCGGTTGAGCAAGATCTTAG	2
CGCTTCAAGGTCATCT	:	TGTCAATCGTTCGGTTGAGCAAGATCTTAG	3
CGCTTCACAAGCGATG	:	TGTCAATCGTTCGGTTGAGCAAGATCTTAG	2
CGCTTCATCAGTCCCT	:	TGTCAATCGTTCGGTTGAGCAAGATCTTAG	2
CGGACACAGCGCTTAT	:	TGTCAATCGTTCGGTTGAGCAAGATCTTAG	3
CGGACACAGTGCGATG	:	TGTCAATCGTTCGGTTGAGCAAGATCTTAG	3
CGGACACCAGGTTTCA	:	TGTCAATCGTTCGGTTGAGCAAGATCTTAG	2
CGGACGTAGAAACCGC	:	TGTCAATCGTTCGGTTGAGCAAGATCTTAG	2
CGGACGTCAATGAAAC	:	TGTCAATCGTTCGGTTGAGCAAGATCTTAG	2
CGGACTGGTTCTCATT	:	TGTCAATCGTTCGGTTGAGCAAGATCTTAG	2
CGGACTGTCTTTAGTC	:	TGTCAATCGTTCGGTTGAGCAAGATCTTAG	3
CGGCTAGCAATGACCT	:	TGTCAATCGTTCGGTTGAGCAAGATCTTAG	4
CGGTTAATCCTTGCCA	:	TGTCAATCGTTCGGTTGAGCAAGATCTTAG	2
CGTAGCGAGTCATCCA	:	TGTCAATCGTTCGGTTGAGCAAGATCTTAG	2
CGTAGCGTCTCGTTTA	:	TGTCAATCGTTCGGTTGAGCAAGATCTTAG	2
CGTAGGCAGAGACGAA	:	TGTCAATCGTTCGGTTGAGCAAGATCTTAG	2
CGTCAGGTCAGTGTTG	:	TGTCAATCGTTCGGTTGAGCAAGATCTTAG	2
CGTCAGGTCCAAGCCG	:	TGTCAATCGTTCGGTTGAGCAAGATCTTAG	2
CGTCCATCACGGATAG	:	TGTCAATCGTTCGGTTGAGCAAGATCTTAG	2
CGTCTACAGAACAACT	:	TGTCAATCGTTCGGTTGAGCAAGATCTTAG	2
CGTCTACGTCGCGAAA	:	TGTCAATCGTTCGGTTGAGCAAGATCTTAG	5
CGTGTAAGTATAGGTA	:	TGTCAATCGTTCGGTTGAGCAAGATCTTAG	2
CGTTAGATCATCGGAT	:	TGTCAATCGTTCGGTTGAGCAAGATCTTAG	3
CGTTCTGGTGTCTGAT	:	TGTCAATCGTTCGGTTGAGCAAGATCTTAG	6
CGTTCTGGTTGTGGCC	:	TGTCAATCGTTCGGTTGAGCAAGATCTTAG	6
CGTTGGGAGGGTGTGT	:	TGTCAATCGTTCGGTTGAGCAAGATCTTAG	2
CGTTGGGCAATCCGAT	:	TGTCAATCGTTCGGTTGAGCAAGATCTTAG	2
CTAACTTGTCCGAATT	:	TGTCAATCGTTCGGTTGAGCAAGATCTTAG	3
CTAAGACAGTACGTTC	:	TGTCAATCGTTCGGTTGAGCAAGATCTTAG	5
CTAAGACGTACCCAAT	:	TGTCAATCGTTCGGTTGAGCAAGATCTTAG	2
CTACACCCACTATCTT	:	TGTCAATCGTTCGGTTGAGCAAGATCTTAG	3
CTACATTAGTGTCCCG	:	TGTCAATCGTTCGGTTGAGCAAGATCTTAG	2
CTACATTTCATTCACT	:	TGTCAATCGTTCGGTTGAGCAAGATCTTAG	2
CTACATTTCTGGGCCA	:	TGTCAATCGTTCGGTTGAGCAAGATCTTAG	2
CTACCCATCCGCAAGC	:	TGTCAATCGTTCGGTTGAGCAAGATCTTAG	6
CTAGAGTAGGAGTTGC	:	TGTCAATCGTTCGGTTGAGCAAGATCTTAG	2
CTAGAGTCACTATCTT	:	TGTCAATCGTTCGGTTGAGCAAGATCTTAG	2
CTAGAGTCATGCAACT	:	TGTCAATCGTTCGGTTGAGCAAGATCTTAG	4
CTAGTGAAGAAACCGC	:	TGTCAATCGTTCGGTTGAGCAAGATCTTAG	2
CTAGTGAGTCAAAGAT	:	TGTCAATCGTTCGGTTGAGCAAGATCTTAG	6
CTAGTGAGTCCAGTTA	:	TGTCAATCGTTCGGTTGAGCAAGATCTTAG	2
CTAGTGAGTTGTGGCC	:	TGTCAATCGTTCGGTTGAGCAAGATCTTAG	2
CTCACACCAACGCACC	:	TGTCAATCGTTCGGTTGAGCAAGATCTTAG	2
CTCAGAATCACGCATA	:	TGTCAATCGTTCGGTTGAGCAAGATCTTAG	3
CTCGAAAAGTTCGCGC	:	TGTCAATCGTTCGGTTGAGCAAGATCTTAG	5
CTCGGAGAGCCTATGT	:	TGTCAATCGTTCGGTTGAGCAAGATCTTAG	3
CTCGGGACATCGGACC	:	TGTCAATCGTTCGGTTGAGCAAGATCTTAG	3
CTCGTACGTAAGGATT	:	TGTCAATCGTTCGGTTGAGCAAGATCTTAG	7
CTCGTACGTCAAAGCG	:	TGTCAATCGTTCGGTTGAGCAAGATCTTAG	2
CTCGTACGTCAATACC	:	TGTCAATCGTTCGGTTGAGCAAGATCTTAG	2
CTCGTACTCCTGCTTG	:	TGTCAATCGTTCGGTTGAGCAAGATCTTAG	3
CTCGTACTCCTGTAGA	:	TGTCAATCGTTCGGTTGAGCAAGATCTTAG	3
CTCGTCACAAGAAGAG	:	TGTCAATCGTTCGGTTGAGCAAGATCTTAG	3
CTCTACGTCTACCTGC	:	TGTCAATCGTTCGGTTGAGCAAGATCTTAG	2
CTGAAGTAGCATGGCA	:	TGTCAATCGTTCGGTTGAGCAAGATCTTAG	2
CTGATAGCAAACCCAT	:	TGTCAATCGTTCGGTTGAGCAAGATCTTAG	2
CTGATAGTCTTGTTTG	:	TGTCAATCGTTCGGTTGAGCAAGATCTTAG	2
CTGATCCCACATGGGA	:	TGTCAATCGTTCGGTTGAGCAAGATCTTAG	3
CTGCGGAGTTTACTCT	:	TGTCAATCGTTCGGTTGAGCAAGATCTTAG	2
CTGCGGATCAAACGGG	:	TGTCAATCGTTCGGTTGAGCAAGATCTTAG	2
CTGTGCTTCAATAAGG	:	TGTCAATCGTTCGGTTGAGCAAGATCTTAG	8
CTTAACTTCCCTGACT	:	TGTCAATCGTTCGGTTGAGCAAGATCTTAG	3
CTTACCGGTTTAAGCC	:	TGTCAATCGTTCGGTTGAGCAAGATCTTAG	3
CTTAGGACAGCATGAG	:	TGTCAATCGTTCGGTTGAGCAAGATCTTAG	2
CTTAGGATCCATGAGT	:	TGTCAATCGTTCGGTTGAGCAAGATCTTAG	3
CTTAGGATCTGTCTAT	:	TGTCAATCGTTCGGTTGAGCAAGATCTTAG	5
CTTCTCTAGAGTACAT	:	TGTCAATCGTTCGGTTGAGCAAGATCTTAG	3
CTTCTCTAGCGTCAAG	:	TGTCAATCGTTCGGTTGAGCAAGATCTTAG	2
CTTTGCGTCGGTTCGG	:	TGTCAATCGTTCGGTTGAGCAAGATCTTAG	3
GAAACTCAGTACATGA	:	TGTCAATCGTTCGGTTGAGCAAGATCTTAG	5
GAAACTCTCAGAGACG	:	TGTCAATCGTTCGGTTGAGCAAGATCTTAG	2
GAAATGACATCCTAGA	:	TGTCAATCGTTCGGTTGAGCAAGATCTTAG	2
GAACGGAGTAAGTAGT	:	TGTCAATCGTTCGGTTGAGCAAGATCTTAG	2
GAAGCAGGTCAACATC	:	TGTCAATCGTTCGGTTGAGCAAGATCTTAG	2
GAAGCAGGTGTTAAGA	:	TGTCAATCGTTCGGTTGAGCAAGATCTTAG	2
GAATGAATCATGTAGC	:	TGTCAATCGTTCGGTTGAGCAAGATCTTAG	2
GAATGAATCTTCAACT	:	TGTCAATCGTTCGGTTGAGCAAGATCTTAG	2
GACAGAGCAGCGTAAG	:	TGTCAATCGTTCGGTTGAGCAAGATCTTAG	3
GACAGAGGTCCCTACT	:	TGTCAATCGTTCGGTTGAGCAAGATCTTAG	2
GACCTGGCATGAACCT	:	TGTCAATCGTTCGGTTGAGCAAGATCTTAG	2
GACCTGGTCCGTAGTA	:	TGTCAATCGTTCGGTTGAGCAAGATCTTAG	3
GACGCGTCAGTCAGCC	:	TGTCAATCGTTCGGTTGAGCAAGATCTTAG	2
GACGGCTTCCACGAAT	:	TGTCAATCGTTCGGTTGAGCAAGATCTTAG	3
GACGGCTTCTTAGCCC	:	TGTCAATCGTTCGGTTGAGCAAGATCTTAG	2
GACGTGCAGGCATTGG	:	TGTCAATCGTTCGGTTGAGCAAGATCTTAG	2
GACGTGCGTGGAAAGA	:	TGTCAATCGTTCGGTTGAGCAAGATCTTAG	5
GACGTGCGTGGTGTAG	:	TGTCAATCGTTCGGTTGAGCAAGATCTTAG	2
GACGTTAAGGTGACCA	:	TGTCAATCGTTCGGTTGAGCAAGATCTTAG	2
GACGTTACACATGGGA	:	TGTCAATCGTTCGGTTGAGCAAGATCTTAG	3
GACTACAGTGAGCGAT	:	TGTCAATCGTTCGGTTGAGCAAGATCTTAG	4
GACTACAGTGTTCTTT	:	TGTCAATCGTTCGGTTGAGCAAGATCTTAG	5
GACTGCGTCCTGTACC	:	TGTCAATCGTTCGGTTGAGCAAGATCTTAG	2
GAGGTGAAGCTGATAA	:	TGTCAATCGTTCGGTTGAGCAAGATCTTAG	4
GATCAGTAGACAAAGG	:	TGTCAATCGTTCGGTTGAGCAAGATCTTAG	3
GATCAGTAGTAGGTGC	:	TGTCAATCGTTCGGTTGAGCAAGATCTTAG	3
GATCAGTCAATCACAC	:	TGTCAATCGTTCGGTTGAGCAAGATCTTAG	3
GATCAGTCATCCTAGA	:	TGTCAATCGTTCGGTTGAGCAAGATCTTAG	2
GATCGATGTACTCGCG	:	TGTCAATCGTTCGGTTGAGCAAGATCTTAG	2
GATCGATGTGTGTGCC	:	TGTCAATCGTTCGGTTGAGCAAGATCTTAG	2
GATCGCGAGAGTTGGC	:	TGTCAATCGTTCGGTTGAGCAAGATCTTAG	2
GATCGCGCAAGTTCTG	:	TGTCAATCGTTCGGTTGAGCAAGATCTTAG	2
GATCGCGGTGTCTGAT	:	TGTCAATCGTTCGGTTGAGCAAGATCTTAG	2
GATCGTACATGTCGAT	:	TGTCAATCGTTCGGTTGAGCAAGATCTTAG	2
GATCGTAGTCCAGTTA	:	GGTCTCCCTATACCAACAGTATCGTCTCAA	3
GATGAAAAGTCCATAC	:	TGTCAATCGTTCGGTTGAGCAAGATCTTAG	4
GATGAAAGTGATGCCC	:	TGTCAATCGTTCGGTTGAGCAAGATCTTAG	3
GATGAGGGTGAGTATA	:	TGTCAATCGTTCGGTTGAGCAAGATCTTAG	2
GATGAGGGTTATCACG	:	TGTCAATCGTTCGGTTGAGCAAGATCTTAG	5
GATGAGGTCCTCCTAG	:	TGTCAATCGTTCGGTTGAGCAAGATCTTAG	3
GATGCTAAGATCGATA	:	TGTCAATCGTTCGGTTGAGCAAGATCTTAG	2
GATGCTAAGTAGATGT	:	TGTCAATCGTTCGGTTGAGCAAGATCTTAG	3
GATGCTACACGCTTTC	:	TGTCAATCGTTCGGTTGAGCAAGATCTTAG	2
GATGCTAGTCTGATTG	:	TGTCAATCGTTCGGTTGAGCAAGATCTTAG	2
GATTCAGTCGCGTAGC	:	GGTCTCCCTATACCAACAGTATCGTCTCAA	2
GCAAACTAGGGAACGG	:	TGTCAATCGTTCGGTTGAGCAAGATCTTAG	2
GCAAACTCATACTCTT	:	TGTCAATCGTTCGGTTGAGCAAGATCTTAG	4
GCAATCAGTGTAACGG	:	TGTCAATCGTTCGGTTGAGCAAGATCTTAG	2
GCACATATCTTGTATC	:	TGTCAATCGTTCGGTTGAGCAAGATCTTAG	2
GCACTCTCACCAGCAC	:	TGTCAATCGTTCGGTTGAGCAAGATCTTAG	2
GCACTCTGTGATGTCT	:	TGTCAATCGTTCGGTTGAGCAAGATCTTAG	2
GCAGCCACAACTTGAC	:	TGTCAATCGTTCGGTTGAGCAAGATCTTAG	2
GCAGCCACAGCCAGAA	:	TGTCAATCGTTCGGTTGAGCAAGATCTTAG	3
GCAGTTAGTCAAAGCG	:	TGTCAATCGTTCGGTTGAGCAAGATCTTAG	2
GCAGTTAGTGACCAAG	:	TGTCAATCGTTCGGTTGAGCAAGATCTTAG	2
GCATACACATGGTAGG	:	TGTCAATCGTTCGGTTGAGCAAGATCTTAG	3
GCATACATCACCGTAA	:	TGTCAATCGTTCGGTTGAGCAAGATCTTAG	2
GCATGATGTATGAAAC	:	TGTCAATCGTTCGGTTGAGCAAGATCTTAG	2
GCATGATGTTTAAGCC	:	TGTCAATCGTTCGGTTGAGCAAGATCTTAG	3
GCATGATTCCTCAACC	:	TGTCAATCGTTCGGTTGAGCAAGATCTTAG	2
GCATGCGGTTCCACAA	:	TGTCAATCGTTCGGTTGAGCAAGATCTTAG	2
GCATGTAGTCCCTACT	:	TGTCAATCGTTCGGTTGAGCAAGATCTTAG	2
GCCAAATAGGTAGCTG	:	TGTCAATCGTTCGGTTGAGCAAGATCTTAG	3
GCCAAATTCTTTAGGG	:	TGTCAATCGTTCGGTTGAGCAAGATCTTAG	6
GCCTCTACACTACAGT	:	TGTCAATCGTTCGGTTGAGCAAGATCTTAG	5
GCGACCAAGATGTGGC	:	TGTCAATCGTTCGGTTGAGCAAGATCTTAG	3
GCGACCACAGGTTTCA	:	TGTCAATCGTTCGGTTGAGCAAGATCTTAG	2
GCGACCACATGGAATA	:	TGTCAATCGTTCGGTTGAGCAAGATCTTAG	2
GCGAGAAAGAAGGTGA	:	TGTCAATCGTTCGGTTGAGCAAGATCTTAG	6
GCGAGAAAGTCCGGTC	:	TGTCAATCGTTCGGTTGAGCAAGATCTTAG	2
GCGAGAACAATAAGCA	:	TGTCAATCGTTCGGTTGAGCAAGATCTTAG	2
GCGAGAATCAACGGGA	:	TGTCAATCGTTCGGTTGAGCAAGATCTTAG	3
GCGCAGTAGCGCCTCA	:	TGTCAATCGTTCGGTTGAGCAAGATCTTAG	3
GCGCAGTCATTAGGCT	:	TGTCAATCGTTCGGTTGAGCAAGATCTTAG	3
GCGCCAATCCCTTGCA	:	TGTCAATCGTTCGGTTGAGCAAGATCTTAG	2
GCGGGTTCACACAGAG	:	TGTCAATCGTTCGGTTGAGCAAGATCTTAG	2
GCGGGTTCAGCCACCA	:	TGTCAATCGTTCGGTTGAGCAAGATCTTAG	2
GCTCCTAAGAAGGTGA	:	TGTCAATCGTTCGGTTGAGCAAGATCTTAG	2
GCTCCTAAGACCTTTG	:	TGTCAATCGTTCGGTTGAGCAAGATCTTAG	2
GCTCTGTCAGCATACT	:	TGTCAATCGTTCGGTTGAGCAAGATCTTAG	7
GCTCTGTTCGCTTAGA	:	TGTCAATCGTTCGGTTGAGCAAGATCTTAG	2
GCTGCAGCACCTCGTT	:	TGTCAATCGTTCGGTTGAGCAAGATCTTAG	3
GCTGCTTAGAAGGCCT	:	TGTCAATCGTTCGGTTGAGCAAGATCTTAG	2
GCTGCTTTCGGCATCG	:	TGTCAATCGTTCGGTTGAGCAAGATCTTAG	4
GCTGGGTCAGATCTGT	:	TGTCAATCGTTCGGTTGAGCAAGATCTTAG	3
GCTGGGTGTGAAGGCT	:	TGTCAATCGTTCGGTTGAGCAAGATCTTAG	2
GCTTCCAGTATGGTTC	:	TGTCAATCGTTCGGTTGAGCAAGATCTTAG	2
GCTTCCAGTCGGCACT	:	TGTCAATCGTTCGGTTGAGCAAGATCTTAG	2
GCTTCCAGTGATGTCT	:	TGTCAATCGTTCGGTTGAGCAAGATCTTAG	3
GCTTCCATCATGTAGC	:	TGTCAATCGTTCGGTTGAGCAAGATCTTAG	2
GCTTGAAGTATAAACG	:	TGTCAATCGTTCGGTTGAGCAAGATCTTAG	2
GCTTGAAGTTAAGAAC	:	TGTCAATCGTTCGGTTGAGCAAGATCTTAG	3
GCTTGAATCCATTCTA	:	TGTCAATCGTTCGGTTGAGCAAGATCTTAG	2
GGAACTTAGTTTCCTT	:	TGTCAATCGTTCGGTTGAGCAAGATCTTAG	2
GGAATAACAAAGGAAG	:	TGTCAATCGTTCGGTTGAGCAAGATCTTAG	2
GGACAAGCAAATACAG	:	GGTCTCCCTATACCAACAGTATCGTCTCAA	2
GGACAAGGTTCCACAA	:	TGTCAATCGTTCGGTTGAGCAAGATCTTAG	2
GGACAGAAGTCTCCTC	:	TGTCAATCGTTCGGTTGAGCAAGATCTTAG	2
GGACAGAGTTTCCACC	:	TGTCAATCGTTCGGTTGAGCAAGATCTTAG	6
GGACATTTCAGTTCGA	:	TGTCAATCGTTCGGTTGAGCAAGATCTTAG	2
GGACGTCGTGAGTATA	:	TGTCAATCGTTCGGTTGAGCAAGATCTTAG	2
GGACGTCTCTCGCTTG	:	TGTCAATCGTTCGGTTGAGCAAGATCTTAG	2
GGAGCAAAGAATTCCC	:	TGTCAATCGTTCGGTTGAGCAAGATCTTAG	5
GGATGTTTCCTAAGTG	:	TGTCAATCGTTCGGTTGAGCAAGATCTTAG	3
GGATTACAGCTACCGC	:	TGTCAATCGTTCGGTTGAGCAAGATCTTAG	2
GGCAATTAGTGTGGCA	:	TGTCAATCGTTCGGTTGAGCAAGATCTTAG	2
GGCAATTTCATGCATG	:	TGTCAATCGTTCGGTTGAGCAAGATCTTAG	2
GGCAATTTCGTTACGA	:	TGTCAATCGTTCGGTTGAGCAAGATCTTAG	2
GGCCGATCATCTACGA	:	TGTCAATCGTTCGGTTGAGCAAGATCTTAG	2
GGCCGATGTACGCTGC	:	TGTCAATCGTTCGGTTGAGCAAGATCTTAG	2
GGCCGATGTTACCGAT	:	TGTCAATCGTTCGGTTGAGCAAGATCTTAG	2
GGCCGATTCCCTAACC	:	TGTCAATCGTTCGGTTGAGCAAGATCTTAG	2
GGCGACTAGAGTAAGG	:	TGTCAATCGTTCGGTTGAGCAAGATCTTAG	3
GGCGTGTGTTAGTGGG	:	TGTCAATCGTTCGGTTGAGCAAGATCTTAG	2
GGCTGGTCATCCCACT	:	TGTCAATCGTTCGGTTGAGCAAGATCTTAG	2
GGCTGGTTCTACTTAC	:	TGTCAATCGTTCGGTTGAGCAAGATCTTAG	4
GGGAATGGTAAGTGTA	:	TGTCAATCGTTCGGTTGAGCAAGATCTTAG	5
GGGACCTTCGACGGAA	:	TGTCAATCGTTCGGTTGAGCAAGATCTTAG	2
GGGAGATAGACAGAGA	:	TGTCAATCGTTCGGTTGAGCAAGATCTTAG	2
GGGAGATCAGATCTGT	:	TGTCAATCGTTCGGTTGAGCAAGATCTTAG	2
GGGAGATGTTAAAGAC	:	TGTCAATCGTTCGGTTGAGCAAGATCTTAG	2
GGGAGATTCATGTCCC	:	TGTCAATCGTTCGGTTGAGCAAGATCTTAG	3
GGGAGATTCCTACAGA	:	GGTCTCCCTATACCAACAGTATCGTCTCAA	3
GGGATGACACCCAGTG	:	TGTCAATCGTTCGGTTGAGCAAGATCTTAG	4
GGGCACTAGATGGGTC	:	TGTCAATCGTTCGGTTGAGCAAGATCTTAG	2
GGGCACTCACTACAGT	:	TGTCAATCGTTCGGTTGAGCAAGATCTTAG	2
GGGCACTGTGTATGGG	:	TGTCAATCGTTCGGTTGAGCAAGATCTTAG	2
GGGTCTGCATACTCTT	:	TGTCAATCGTTCGGTTGAGCAAGATCTTAG	3
GGGTTGCTCAGCGATT	:	TGTCAATCGTTCGGTTGAGCAAGATCTTAG	2
GGTGCGTGTCCGACGT	:	TGTCAATCGTTCGGTTGAGCAAGATCTTAG	2
GGTGCGTTCCTGCTTG	:	TGTCAATCGTTCGGTTGAGCAAGATCTTAG	2
GGTGTTACATCCGGGT	:	TGTCAATCGTTCGGTTGAGCAAGATCTTAG	6
GGTGTTAGTTCCATGA	:	TGTCAATCGTTCGGTTGAGCAAGATCTTAG	3
GTAACTGCAGGGTATG	:	TGTCAATCGTTCGGTTGAGCAAGATCTTAG	2
GTACGTACAATGAAAC	:	TGTCAATCGTTCGGTTGAGCAAGATCTTAG	2
GTACTCCAGAAGGACA	:	TGTCAATCGTTCGGTTGAGCAAGATCTTAG	3
GTACTCCCACACAGAG	:	TGTCAATCGTTCGGTTGAGCAAGATCTTAG	2
GTACTTTCAGCTGTTA	:	TGTCAATCGTTCGGTTGAGCAAGATCTTAG	4
GTACTTTCAGTTAACC	:	TGTCAATCGTTCGGTTGAGCAAGATCTTAG	3
GTAGTCACACAGATTC	:	TGTCAATCGTTCGGTTGAGCAAGATCTTAG	3
GTATCTTTCCAAAGTC	:	TGTCAATCGTTCGGTTGAGCAAGATCTTAG	2
GTATTCTGTCTAAAGA	:	TGTCAATCGTTCGGTTGAGCAAGATCTTAG	3
GTCACAACAGGAATCG	:	TGTCAATCGTTCGGTTGAGCAAGATCTTAG	7
GTCACAAGTTGTACAC	:	TGTCAATCGTTCGGTTGAGCAAGATCTTAG	2
GTCACGGCATGTTGAC	:	TGTCAATCGTTCGGTTGAGCAAGATCTTAG	2
GTCATTTTCAGTGTTG	:	TGTCAATCGTTCGGTTGAGCAAGATCTTAG	2
GTCATTTTCGATCCCT	:	TGTCAATCGTTCGGTTGAGCAAGATCTTAG	2
GTCCTCACAAGACACG	:	TGTCAATCGTTCGGTTGAGCAAGATCTTAG	2
GTCCTCAGTGCAGGTA	:	TGTCAATCGTTCGGTTGAGCAAGATCTTAG	2
GTCCTCATCACCAGGC	:	TGTCAATCGTTCGGTTGAGCAAGATCTTAG	3
GTCGGGTAGCCAGTTT	:	TGTCAATCGTTCGGTTGAGCAAGATCTTAG	3
GTCGGGTGTTACTGAC	:	TGTCAATCGTTCGGTTGAGCAAGATCTTAG	2
GTCGTAAGTTGACGTT	:	TGTCAATCGTTCGGTTGAGCAAGATCTTAG	2
GTCGTAATCTAGCACA	:	TGTCAATCGTTCGGTTGAGCAAGATCTTAG	2
GTCGTAATCTCCAACC	:	TGTCAATCGTTCGGTTGAGCAAGATCTTAG	2
GTCTTCGAGTGGACGT	:	GGTCTCCCTATACCAACAGTATCGTCTCAA	5
GTGAAGGAGGGCACTA	:	TGTCAATCGTTCGGTTGAGCAAGATCTTAG	3
GTGCAGCAGCGTTCCG	:	TGTCAATCGTTCGGTTGAGCAAGATCTTAG	3
GTGCAGCCATGGGACA	:	TGTCAATCGTTCGGTTGAGCAAGATCTTAG	2
GTGCATAGTCTTCGTC	:	TGTCAATCGTTCGGTTGAGCAAGATCTTAG	2
GTGCATATCGGCGGTT	:	TGTCAATCGTTCGGTTGAGCAAGATCTTAG	2
GTGCGGTAGCGTGAAC	:	TGTCAATCGTTCGGTTGAGCAAGATCTTAG	2
GTGCGGTCAATCGGTT	:	TGTCAATCGTTCGGTTGAGCAAGATCTTAG	2
GTGCGGTCACATTCGA	:	TGTCAATCGTTCGGTTGAGCAAGATCTTAG	2
GTGCGGTCACCCAGTG	:	TGTCAATCGTTCGGTTGAGCAAGATCTTAG	2
GTGCTTCCAGGGATTG	:	TGTCAATCGTTCGGTTGAGCAAGATCTTAG	2
GTGGGTCCAAGCCCAC	:	TGTCAATCGTTCGGTTGAGCAAGATCTTAG	2
GTGGGTCTCTGTTTGT	:	TGTCAATCGTTCGGTTGAGCAAGATCTTAG	2
GTGTTAGTCTTAACCT	:	TGTCAATCGTTCGGTTGAGCAAGATCTTAG	2
GTTAAGCGTAGCTCCG	:	TGTCAATCGTTCGGTTGAGCAAGATCTTAG	2
GTTAAGCGTCTAAACC	:	TGTCAATCGTTCGGTTGAGCAAGATCTTAG	7
GTTACAGCATTCCTCG	:	TGTCAATCGTTCGGTTGAGCAAGATCTTAG	2
GTTACAGGTATATCCG	:	TGTCAATCGTTCGGTTGAGCAAGATCTTAG	2
GTTCATTAGCAATCTC	:	TGTCAATCGTTCGGTTGAGCAAGATCTTAG	2
GTTCATTCATGTCCTC	:	TGTCAATCGTTCGGTTGAGCAAGATCTTAG	2
GTTCATTTCAAAGACA	:	TGTCAATCGTTCGGTTGAGCAAGATCTTAG	3
GTTCGGGGTTATCCGA	:	TGTCAATCGTTCGGTTGAGCAAGATCTTAG	2
GTTTCTACAGGACGTA	:	TGTCAATCGTTCGGTTGAGCAAGATCTTAG	2
TAAACCGGTTAGTGGG	:	TGTCAATCGTTCGGTTGAGCAAGATCTTAG	2
TAAACCGTCAATCTCT	:	TGTCAATCGTTCGGTTGAGCAAGATCTTAG	3
TAAGCGTGTCATTAGC	:	TGTCAATCGTTCGGTTGAGCAAGATCTTAG	4
TAAGTGCCACGCGAAA	:	TGTCAATCGTTCGGTTGAGCAAGATCTTAG	2
TAAGTGCTCCCTAACC	:	TGTCAATCGTTCGGTTGAGCAAGATCTTAG	5
TACACGAGTCTAGGTT	:	TGTCAATCGTTCGGTTGAGCAAGATCTTAG	2
TACACGATCCTTTCGG	:	TGTCAATCGTTCGGTTGAGCAAGATCTTAG	3
TACAGTGAGAGCTTCT	:	TGTCAATCGTTCGGTTGAGCAAGATCTTAG	2
TACAGTGAGGCGATAC	:	TGTCAATCGTTCGGTTGAGCAAGATCTTAG	7
TACAGTGTCAATCTCT	:	TGTCAATCGTTCGGTTGAGCAAGATCTTAG	2
TACCTATTCGCTGATA	:	TGTCAATCGTTCGGTTGAGCAAGATCTTAG	2
TACCTTAGTCTCATCC	:	TGTCAATCGTTCGGTTGAGCAAGATCTTAG	2
TACCTTAGTTCAGTAC	:	TGTCAATCGTTCGGTTGAGCAAGATCTTAG	2
TACCTTAGTTGAACTC	:	TGTCAATCGTTCGGTTGAGCAAGATCTTAG	2
TACCTTATCCTAGGGC	:	TGTCAATCGTTCGGTTGAGCAAGATCTTAG	2
TACCTTATCTTAGCCC	:	TGTCAATCGTTCGGTTGAGCAAGATCTTAG	2
TACGGATAGAAACGCC	:	TGTCAATCGTTCGGTTGAGCAAGATCTTAG	2
TACGGGCAGTGGAGAA	:	TGTCAATCGTTCGGTTGAGCAAGATCTTAG	5
TACGGTAAGCGGATCA	:	TGTCAATCGTTCGGTTGAGCAAGATCTTAG	2
TACGGTACAAGGTTTC	:	TGTCAATCGTTCGGTTGAGCAAGATCTTAG	2
TACGGTATCGGCGCTA	:	TGTCAATCGTTCGGTTGAGCAAGATCTTAG	4
TACTCGCTCCGTACAA	:	TGTCAATCGTTCGGTTGAGCAAGATCTTAG	2
TACTCGCTCTTGGGTA	:	TGTCAATCGTTCGGTTGAGCAAGATCTTAG	3
TACTTACCATAGTAAG	:	TGTCAATCGTTCGGTTGAGCAAGATCTTAG	3
TACTTACGTTGAGTTC	:	TGTCAATCGTTCGGTTGAGCAAGATCTTAG	2
TACTTGTCACCAGGCT	:	TGTCAATCGTTCGGTTGAGCAAGATCTTAG	2
TACTTGTTCGTCCAGG	:	TGTCAATCGTTCGGTTGAGCAAGATCTTAG	2
TAGACCACACTGTTAG	:	TGTCAATCGTTCGGTTGAGCAAGATCTTAG	3
TAGACCATCAATACCG	:	TGTCAATCGTTCGGTTGAGCAAGATCTTAG	2
TAGAGCTGTTTACTCT	:	TGTCAATCGTTCGGTTGAGCAAGATCTTAG	2
TAGCCGGAGATGCCAG	:	TGTCAATCGTTCGGTTGAGCAAGATCTTAG	2
TAGCCGGCAAGAAAGG	:	TGTCAATCGTTCGGTTGAGCAAGATCTTAG	3
TAGCCGGGTGCTCTTC	:	TGTCAATCGTTCGGTTGAGCAAGATCTTAG	3
TAGTGGTGTTCTCATT	:	TGTCAATCGTTCGGTTGAGCAAGATCTTAG	2
TAGTTGGCAAGAGTCG	:	TGTCAATCGTTCGGTTGAGCAAGATCTTAG	3
TATCTCAAGACCTTTG	:	TGTCAATCGTTCGGTTGAGCAAGATCTTAG	3
TATCTCATCCTGCCAT	:	TGTCAATCGTTCGGTTGAGCAAGATCTTAG	2
TATGCCCCAGTATGCT	:	TGTCAATCGTTCGGTTGAGCAAGATCTTAG	2
TATGCCCCATGACATC	:	TGTCAATCGTTCGGTTGAGCAAGATCTTAG	4
TATTACCCACGGCCAT	:	TGTCAATCGTTCGGTTGAGCAAGATCTTAG	2
TATTACCGTCTGGAGA	:	TGTCAATCGTTCGGTTGAGCAAGATCTTAG	2
TATTACCTCCGCTGTT	:	TGTCAATCGTTCGGTTGAGCAAGATCTTAG	2
TCAACGAAGGCAATTA	:	TGTCAATCGTTCGGTTGAGCAAGATCTTAG	3
TCAACGAGTACGCTGC	:	TGTCAATCGTTCGGTTGAGCAAGATCTTAG	2
TCAACGATCAACGCTA	:	TGTCAATCGTTCGGTTGAGCAAGATCTTAG	2
TCAATCTAGATGCCAG	:	TGTCAATCGTTCGGTTGAGCAAGATCTTAG	2
TCACAAGTCAGCTTAG	:	TGTCAATCGTTCGGTTGAGCAAGATCTTAG	3
TCACGAAGTGTGACGA	:	TGTCAATCGTTCGGTTGAGCAAGATCTTAG	2
TCACGAATCCTCGCAT	:	TGTCAATCGTTCGGTTGAGCAAGATCTTAG	2
TCAGATGTCCACGAAT	:	TGTCAATCGTTCGGTTGAGCAAGATCTTAG	7
TCAGATGTCTTTAGTC	:	TGTCAATCGTTCGGTTGAGCAAGATCTTAG	2
TCAGCAACAAGCCGCT	:	TGTCAATCGTTCGGTTGAGCAAGATCTTAG	2
TCAGCAACATGCATGT	:	TGTCAATCGTTCGGTTGAGCAAGATCTTAG	2
TCAGCTCCAGCTATTG	:	TGTCAATCGTTCGGTTGAGCAAGATCTTAG	2
TCAGCTCGTCCTGCTT	:	TGTCAATCGTTCGGTTGAGCAAGATCTTAG	5
TCAGCTCGTTAAGACA	:	TGTCAATCGTTCGGTTGAGCAAGATCTTAG	3
TCAGCTCTCTGTCAAG	:	TGTCAATCGTTCGGTTGAGCAAGATCTTAG	2
TCAGGTACACCCATTC	:	TGTCAATCGTTCGGTTGAGCAAGATCTTAG	2
TCATTACAGCTACCGC	:	TGTCAATCGTTCGGTTGAGCAAGATCTTAG	2
TCATTACTCCATGAGT	:	TGTCAATCGTTCGGTTGAGCAAGATCTTAG	2
TCATTTGCATACTACG	:	TGTCAATCGTTCGGTTGAGCAAGATCTTAG	3
TCATTTGGTCCGCTGA	:	TGTCAATCGTTCGGTTGAGCAAGATCTTAG	2
TCCACACCAGGAATCG	:	TGTCAATCGTTCGGTTGAGCAAGATCTTAG	2
TCCACACGTGTAACGG	:	TGTCAATCGTTCGGTTGAGCAAGATCTTAG	3
TCGAGGCCATTACGAC	:	TGTCAATCGTTCGGTTGAGCAAGATCTTAG	2
TCGAGGCGTGTGACGA	:	TGTCAATCGTTCGGTTGAGCAAGATCTTAG	2
TCGCGAGCAGTGAGTG	:	TGTCAATCGTTCGGTTGAGCAAGATCTTAG	2
TCGCGAGCATGAACCT	:	TGTCAATCGTTCGGTTGAGCAAGATCTTAG	5
TCGCGAGCATGCCCGA	:	TGTCAATCGTTCGGTTGAGCAAGATCTTAG	2
TCGCGAGTCACCTTAT	:	TGTCAATCGTTCGGTTGAGCAAGATCTTAG	2
TCGCGAGTCGTTACAG	:	TGTCAATCGTTCGGTTGAGCAAGATCTTAG	2
TCGCGTTAGCTTCGCG	:	TGTCAATCGTTCGGTTGAGCAAGATCTTAG	3
TCGCGTTAGGACCACA	:	TGTCAATCGTTCGGTTGAGCAAGATCTTAG	4
TCGCGTTTCCCTCTTT	:	TGTCAATCGTTCGGTTGAGCAAGATCTTAG	2
TCGGGACTCCATTCTA	:	TGTCAATCGTTCGGTTGAGCAAGATCTTAG	3
TCGTACCCAAGCCGTC	:	TGTCAATCGTTCGGTTGAGCAAGATCTTAG	2
TCGTACCGTGATGTGG	:	TGTCAATCGTTCGGTTGAGCAAGATCTTAG	2
TCGTACCTCCAGTATG	:	TGTCAATCGTTCGGTTGAGCAAGATCTTAG	2
TCTATTGCAGCCTGTG	:	TGTCAATCGTTCGGTTGAGCAAGATCTTAG	5
TCTCATAGTGTTAAGA	:	TGTCAATCGTTCGGTTGAGCAAGATCTTAG	8
TCTCTAAAGCGCCTTG	:	TGTCAATCGTTCGGTTGAGCAAGATCTTAG	3
TCTGAGAGTAGCGCTC	:	TGTCAATCGTTCGGTTGAGCAAGATCTTAG	2
TCTGAGAGTGTGACCC	:	TGTCAATCGTTCGGTTGAGCAAGATCTTAG	2
TCTGAGATCTTACCTA	:	TGTCAATCGTTCGGTTGAGCAAGATCTTAG	4
TCTTCGGAGAGTGACC	:	TGTCAATCGTTCGGTTGAGCAAGATCTTAG	3
TCTTCGGGTAACGTTC	:	TGTCAATCGTTCGGTTGAGCAAGATCTTAG	2
TCTTTCCCAGATTGCT	:	TGTCAATCGTTCGGTTGAGCAAGATCTTAG	2
TGAAAGAGTCGTGGCT	:	TGTCAATCGTTCGGTTGAGCAAGATCTTAG	3
TGACAACAGGTGTGGT	:	TGTCAATCGTTCGGTTGAGCAAGATCTTAG	2
TGACAACGTCCGAATT	:	TGTCAATCGTTCGGTTGAGCAAGATCTTAG	2
TGACGGCAGAGCAATT	:	TGTCAATCGTTCGGTTGAGCAAGATCTTAG	3
TGACGGCGTTACCAGT	:	TGTCAATCGTTCGGTTGAGCAAGATCTTAG	3
TGACTAGAGCGCTTAT	:	TGTCAATCGTTCGGTTGAGCAAGATCTTAG	2
TGACTAGTCATAACCG	:	TGTCAATCGTTCGGTTGAGCAAGATCTTAG	3
TGAGAGGAGCCCTAAT	:	TGTCAATCGTTCGGTTGAGCAAGATCTTAG	3
TGAGCATAGACTCGGA	:	TGTCAATCGTTCGGTTGAGCAAGATCTTAG	2
TGAGCATAGGAGCGTT	:	TGTCAATCGTTCGGTTGAGCAAGATCTTAG	2
TGAGCATAGGATATAC	:	TGTCAATCGTTCGGTTGAGCAAGATCTTAG	3
TGAGCATGTCTCTCTG	:	TGTCAATCGTTCGGTTGAGCAAGATCTTAG	4
TGAGCCGGTAAACACA	:	TGTCAATCGTTCGGTTGAGCAAGATCTTAG	2
TGATTTCCAGTAAGAT	:	TGTCAATCGTTCGGTTGAGCAAGATCTTAG	2
TGCCAAACAGCCTTTC	:	TGTCAATCGTTCGGTTGAGCAAGATCTTAG	4
TGCCCTAAGGACAGAA	:	TGTCAATCGTTCGGTTGAGCAAGATCTTAG	6
TGCCCTACACGAGGTA	:	TGTCAATCGTTCGGTTGAGCAAGATCTTAG	3
TGCGCAGAGCTCTCGG	:	TGTCAATCGTTCGGTTGAGCAAGATCTTAG	2
TGCGCAGGTACAGCAG	:	TGTCAATCGTTCGGTTGAGCAAGATCTTAG	3
TGCGCAGTCTGGTGTA	:	TGTCAATCGTTCGGTTGAGCAAGATCTTAG	3
TGCGTGGGTCGCATAT	:	TGTCAATCGTTCGGTTGAGCAAGATCTTAG	4
TGCGTGGTCTAGAGTC	:	TGTCAATCGTTCGGTTGAGCAAGATCTTAG	2
TGCTACCAGCTAACTC	:	TGTCAATCGTTCGGTTGAGCAAGATCTTAG	2
TGCTACCGTTTGTTTC	:	TGTCAATCGTTCGGTTGAGCAAGATCTTAG	3
TGCTGCTCAACGATGG	:	TGTCAATCGTTCGGTTGAGCAAGATCTTAG	2
TGCTGCTCACCTGGTG	:	TGTCAATCGTTCGGTTGAGCAAGATCTTAG	4
TGCTGCTGTCCAAGTT	:	TGTCAATCGTTCGGTTGAGCAAGATCTTAG	5
TGGACGCAGACTTTCG	:	TGTCAATCGTTCGGTTGAGCAAGATCTTAG	2
TGGACGCGTTCGGGCT	:	TGTCAATCGTTCGGTTGAGCAAGATCTTAG	2
TGGCCAGAGCGTGAAC	:	TGTCAATCGTTCGGTTGAGCAAGATCTTAG	3
TGGCCAGCAAACGCGA	:	TGTCAATCGTTCGGTTGAGCAAGATCTTAG	3
TGGCCAGGTGTGAAAT	:	TGTCAATCGTTCGGTTGAGCAAGATCTTAG	2
TGGCCAGTCGTAGGTT	:	TGTCAATCGTTCGGTTGAGCAAGATCTTAG	2
TGGCGCAAGAATAGGG	:	ACTAGGAGATTGACGGATCACCTTTGGTCG	3
TGGCGCAAGTCGATAA	:	TGTCAATCGTTCGGTTGAGCAAGATCTTAG	2
TGGGCGTAGCTCCTCT	:	TGTCAATCGTTCGGTTGAGCAAGATCTTAG	2
TGGTTAGAGATGCCTT	:	TGTCAATCGTTCGGTTGAGCAAGATCTTAG	2
TGGTTAGTCTCAAACG	:	TGTCAATCGTTCGGTTGAGCAAGATCTTAG	4
TGGTTCCTCCACTCCA	:	TGTCAATCGTTCGGTTGAGCAAGATCTTAG	2
TGTATTCCAATCGGTT	:	TGTCAATCGTTCGGTTGAGCAAGATCTTAG	2
TGTATTCGTGGCCCTA	:	TGTCAATCGTTCGGTTGAGCAAGATCTTAG	2
TGTCCCACAGCCAATT	:	TGTCAATCGTTCGGTTGAGCAAGATCTTAG	3
TGTCCCATCCCAACGG	:	TGTCAATCGTTCGGTTGAGCAAGATCTTAG	5
TGTGGTAGTAGGCTGA	:	TGTCAATCGTTCGGTTGAGCAAGATCTTAG	2
TGTGGTATCAACCATG	:	TGTCAATCGTTCGGTTGAGCAAGATCTTAG	2
TGTGGTATCCGCGGTA	:	TGTCAATCGTTCGGTTGAGCAAGATCTTAG	2
TGTGGTATCGTCTGCT	:	TGTCAATCGTTCGGTTGAGCAAGATCTTAG	2
TGTGTTTGTCAAAGCG	:	TGTCAATCGTTCGGTTGAGCAAGATCTTAG	3
TGTTCCGCACAGACAG	:	TGTCAATCGTTCGGTTGAGCAAGATCTTAG	2
TGTTCCGCATACTACG	:	TGTCAATCGTTCGGTTGAGCAAGATCTTAG	2
TGTTCCGGTAAGAGGA	:	TGTCAATCGTTCGGTTGAGCAAGATCTTAG	2
TGTTCCGTCATGTGGT	:	TGTCAATCGTTCGGTTGAGCAAGATCTTAG	3
TTAACTCAGGGTGTGT	:	TGTCAATCGTTCGGTTGAGCAAGATCTTAG	2
TTAACTCGTATCTGCA	:	TGTCAATCGTTCGGTTGAGCAAGATCTTAG	2
TTAGGCAAGCAAATCA	:	TGTCAATCGTTCGGTTGAGCAAGATCTTAG	3
TTAGTTCCAAGTCTAC	:	TGTCAATCGTTCGGTTGAGCAAGATCTTAG	3
TTAGTTCCATCCAACA	:	TGTCAATCGTTCGGTTGAGCAAGATCTTAG	3
TTATGCTAGGTGATAT	:	TGTCAATCGTTCGGTTGAGCAAGATCTTAG	2
TTATGCTAGTGCTGCC	:	TGTCAATCGTTCGGTTGAGCAAGATCTTAG	2
TTATGCTCATGGTCTA	:	TGTCAATCGTTCGGTTGAGCAAGATCTTAG	4
TTATGCTGTAAACACA	:	ACTAGGAGATTGACGGATCACCTTTGGTCG	4
TTATGCTTCTAACCGA	:	TGTCAATCGTTCGGTTGAGCAAGATCTTAG	2
TTCCCAGCAAGGACAC	:	TGTCAATCGTTCGGTTGAGCAAGATCTTAG	2
TTCCCAGTCAGCAACT	:	TGTCAATCGTTCGGTTGAGCAAGATCTTAG	2
TTCGAAGGTGACGGTA	:	TGTCAATCGTTCGGTTGAGCAAGATCTTAG	5
TTCGGTCAGAAGGACA	:	TGTCAATCGTTCGGTTGAGCAAGATCTTAG	2
TTCGGTCAGATCGATA	:	TGTCAATCGTTCGGTTGAGCAAGATCTTAG	3
TTCGGTCGTTTGACAC	:	TGTCAATCGTTCGGTTGAGCAAGATCTTAG	2
TTCGGTCTCAGGATCT	:	TGTCAATCGTTCGGTTGAGCAAGATCTTAG	2
TTCTACAGTACTCGCG	:	TGTCAATCGTTCGGTTGAGCAAGATCTTAG	2
TTCTCAAGTACAGTGG	:	TGTCAATCGTTCGGTTGAGCAAGATCTTAG	2
TTCTCAATCTGACCTC	:	TGTCAATCGTTCGGTTGAGCAAGATCTTAG	2
TTCTCCTCAATGAAAC	:	TGTCAATCGTTCGGTTGAGCAAGATCTTAG	2
TTCTTAGCAGACGCCT	:	TGTCAATCGTTCGGTTGAGCAAGATCTTAG	7
TTGACTTCAGCGTTCG	:	TGTCAATCGTTCGGTTGAGCAAGATCTTAG	3
TTGACTTGTAAATACG	:	TGTCAATCGTTCGGTTGAGCAAGATCTTAG	2
TTGCCGTCAAAGGAAG	:	TGTCAATCGTTCGGTTGAGCAAGATCTTAG	3
TTGCCGTTCCACGCAG	:	TGTCAATCGTTCGGTTGAGCAAGATCTTAG	4
TTGGCAAGTGAAATCA	:	TGTCAATCGTTCGGTTGAGCAAGATCTTAG	4
TTGTAGGAGGATGGAA	:	TGTCAATCGTTCGGTTGAGCAAGATCTTAG	2
TTGTAGGTCGATGAGG	:	TGTCAATCGTTCGGTTGAGCAAGATCTTAG	2
TTTATGCCAAGTTCTG	:	TGTCAATCGTTCGGTTGAGCAAGATCTTAG	3
TTTATGCTCCACTCCA	:	TGTCAATCGTTCGGTTGAGCAAGATCTTAG	3
TTTATGCTCTTGCCGT	:	TGTCAATCGTTCGGTTGAGCAAGATCTTAG	2
TTTCCTCGTAACGACG	:	TGTCAATCGTTCGGTTGAGCAAGATCTTAG	2
TTTGCGCAGCTGGAAC	:	TGTCAATCGTTCGGTTGAGCAAGATCTTAG	2
TTTGTCAAGTGCGTGA	:	TGTCAATCGTTCGGTTGAGCAAGATCTTAG	2
