clone#	clone_id
1	ACTAGGAGATTGACGGATCACCTTTGGTCG
2	GGCGGAGACGGCACACACCGAGGGTCAGTT
3	GGTCTCCCTATACCAACAGTATCGTCTCAA
4	TGTCAATCGTTCGGTTGAGCAAGATCTTAG
