clone_nr	clone_id	n_cells	clone_ids_per_cell
1	ACTAGGAGATTGACGGATCACCTTTGGTCG	2	1.00
2	GGCGGAGACGGCACACACCGAGGGTCAGTT	1	1.00
3	GGTCTCCCTATACCAACAGTATCGTCTCAA	8	1.00
4	TGTCAATCGTTCGGTTGAGCAAGATCTTAG	686	1.00
