clone#	cell_id
1	TGGCGCAAGAATAGGG
1	TTATGCTGTAAACACA
2	AGGTCCGGTTACGTCA
3	AGCATACGTCATACTG
3	ATCCGAAAGTATGACA
3	CCTACACAGCTAGGCA
3	GATCGTAGTCCAGTTA
3	GATTCAGTCGCGTAGC
3	GGACAAGCAAATACAG
3	GGGAGATTCCTACAGA
3	GTCTTCGAGTGGACGT
4	AAACCTGAGTAGCGGT
4	AAACCTGAGTCCAGGA
4	AAACGGGTCCTTCAAT
4	AAAGATGAGAGGTACC
4	AAAGTAGTCGACCAGC
4	AACACGTAGCTAAACA
4	AACACGTAGTCTCAAC
4	AACCATGCACATAACC
4	AACCATGGTGAAATCA
4	AACCGCGCACAACGTT
4	AACCGCGTCAACCATG
4	AACGTTGAGACTTGAA
4	AACGTTGGTCGGCACT
4	AACGTTGTCTAAGCCA
4	AACTCAGTCAAACCAC
4	AACTCAGTCTAGAGTC
4	AACTCCCGTAGCTAAA
4	AACTCTTAGTGGTCCC
4	AACTGGTGTAGCACGA
4	AACTGGTTCCACGCAG
4	AACTTTCAGAGGTAGA
4	AACTTTCCATAGGATA
4	AAGCCGCGTACCAGTT
4	AAGGAGCAGAGGTTAT
4	AAGGCAGAGGATGCGT
4	AAGGCAGGTGCCTGGT
4	AAGGTTCCACAACTGT
4	AAGTCTGCAAGGGTCA
4	AAGTCTGCATCCAACA
4	AATCCAGAGGCGTACA
4	AATCCAGCATTTGCCC
4	AATCCAGTCTGCTGTC
4	ACACCAATCTACCAGA
4	ACAGCTAGTACAGTTC
4	ACAGCTAGTCAGAGGT
4	ACATACGAGTGCTGCC
4	ACATACGGTGGTCCGT
4	ACATCAGCACAGATTC
4	ACATCAGCAGTTCATG
4	ACATCAGGTTATCGGT
4	ACATGGTAGGAGTTGC
4	ACATGGTCACAGCCCA
4	ACATGGTCACCAGATT
4	ACATGGTGTCTTCAAG
4	ACATGGTGTGGCAAAC
4	ACCAGTAAGTCCATAC
4	ACCAGTACACTTACGA
4	ACCGTAAGTAATCGTC
4	ACCGTAAGTGATGTGG
4	ACCTTTACATACCATG
4	ACCTTTAGTGACGGTA
4	ACCTTTATCCGAGCCA
4	ACGAGCCAGCTAGTGG
4	ACGAGCCCAAGCCCAC
4	ACGAGGAGTATAGTAG
4	ACGATACTCAATCACG
4	ACGATGTGTCACACGC
4	ACGATGTTCACTTACT
4	ACGATGTTCTTTACGT
4	ACGCAGCAGAGCAATT
4	ACGCAGCGTTAGTGGG
4	ACGCCAGCAGCTGCAC
4	ACGCCGAAGCTAACTC
4	ACGCCGATCGCCATAA
4	ACGCCGATCGTAGATC
4	ACGGAGAGTCAAGCGA
4	ACGGCCAAGTATTGGA
4	ACGGCCACAAGGTTCT
4	ACGGCCATCTGGTATG
4	ACGGGTCCAGGTGGAT
4	ACGTCAAAGCTCCCAG
4	ACTATCTCACAGTCGC
4	ACTATCTGTCTGATCA
4	ACTATCTTCGTCTGAA
4	ACTGAACAGAGATGAG
4	ACTGAACCAAGAAAGG
4	ACTGAACTCAGGTAAA
4	ACTGAGTAGGGATCTG
4	ACTGAGTCAAGACACG
4	ACTGAGTTCCGTTGCT
4	ACTGCTCTCTGAGGGA
4	ACTGCTCTCTTGAGAC
4	ACTTACTTCACCAGGC
4	ACTTGTTAGCGTGTCC
4	ACTTGTTGTACGACCC
4	ACTTGTTGTACTTAGC
4	ACTTTCAAGCTACCTA
4	AGAATAGTCCAAGTAC
4	AGACGTTAGGCATGTG
4	AGACGTTGTAAGTGGC
4	AGAGCGAAGAGAGCTC
4	AGAGCGAAGGAATGGA
4	AGAGCGACATTGGTAC
4	AGAGCGATCGTTACAG
4	AGAGCTTTCGTCGTTC
4	AGAGTGGAGAGTGACC
4	AGAGTGGAGCACCGTC
4	AGAGTGGAGGTAAACT
4	AGAGTGGAGTGTGGCA
4	AGAGTGGGTGGGTATG
4	AGATTGCAGGCTATCT
4	AGATTGCAGTGAACGC
4	AGATTGCTCACCACCT
4	AGATTGCTCCCTCAGT
4	AGCAGCCAGTCAATAG
4	AGCAGCCTCATAACCG
4	AGCCTAAAGGTGGGTT
4	AGCCTAACATACCATG
4	AGCGGTCAGTCCCACG
4	AGCGGTCTCATGTGGT
4	AGCGTCGAGTGGTAGC
4	AGCTCCTGTCGAACAG
4	AGCTCCTGTTGCGTTA
4	AGCTCCTTCAACACTG
4	AGCTCTCAGAACTCGG
4	AGCTCTCTCAACGGGA
4	AGCTCTCTCCTAAGTG
4	AGCTTGAAGTGGTAGC
4	AGCTTGACACGTAAGG
4	AGCTTGACAGTAAGAT
4	AGCTTGAGTCCCGACA
4	AGGCCGTAGCCAGTTT
4	AGGCCGTGTTCATGGT
4	AGGGAGTTCTACCTGC
4	AGGGATGGTTCGTTGA
4	AGGGTGAAGATAGGAG
4	AGGTCATAGCGTCTAT
4	AGGTCCGAGACTTGAA
4	AGGTCCGCAGTCAGCC
4	AGTAGTCCAAGCGATG
4	AGTAGTCCAGAGCCAA
4	AGTAGTCGTCCTCTTG
4	AGTCTTTAGCGACGTA
4	AGTCTTTAGCTCCTCT
4	AGTCTTTCAAGTCTAC
4	AGTCTTTTCACGCGGT
4	AGTGGGAGTTGCGTTA
4	AGTTGGTCAGGAATGC
4	ATAACGCAGAGTGAGA
4	ATAGACCAGTCCGTAT
4	ATCACGATCACTGGGC
4	ATCATCTCAATTCCTT
4	ATCATCTTCCCAACGG
4	ATCATCTTCTTAACCT
4	ATCCACCCACTTAACG
4	ATCCGAACAATCAGAA
4	ATCCGAACATCTCGCT
4	ATCGAGTAGTAACCCT
4	ATCGAGTTCAAGGCTT
4	ATCGAGTTCTCTAAGG
4	ATGAGGGAGTGTTTGC
4	ATGCGATAGTGTCTCA
4	ATGCGATTCCAAACAC
4	ATGGGAGAGAACTCGG
4	ATGGGAGTCGTTGCCT
4	ATGGGAGTCTGGTGTA
4	ATGTGTGCAGTGGAGT
4	ATGTGTGTCAAACGGG
4	ATGTGTGTCCCATTAT
4	ATTACTCTCCACGTGG
4	ATTATCCCACCTCGTT
4	ATTATCCTCTTTACGT
4	ATTCTACAGGTAGCCA
4	ATTCTACTCCTTTCGG
4	ATTGGTGAGCGGATCA
4	ATTTCTGCATAAAGGT
4	CAACCAAGTACAAGTA
4	CAACCAAGTGTATGGG
4	CAACCTCCACTGTTAG
4	CAACCTCGTGGTCCGT
4	CAACTAGCAAACGTGG
4	CAACTAGGTAAACCTC
4	CAACTAGGTCTAGGTT
4	CAAGATCCAGTTCCCT
4	CAAGTTGGTCTTCGTC
4	CACAAACAGCGTTGCC
4	CACAAACCAAGCGCTC
4	CACAAACGTTGATTCG
4	CACACAAAGCCACGCT
4	CACACAAAGGCCCTTG
4	CACACAAGTCCGCTGA
4	CACACAAGTCTGATCA
4	CACACAAGTTGCGTTA
4	CACACCTCATTGGCGC
4	CACACTCAGATTACCC
4	CACAGTATCAAACAAG
4	CACATAGAGGCTAGGT
4	CACATAGTCCATGAAC
4	CACCAGGAGTCCCACG
4	CACCAGGGTGCCTTGG
4	CACCTTGAGCTACCTA
4	CACCTTGCATAAAGGT
4	CACCTTGTCTGAGGGA
4	CACTCCAAGTTAAGTG
4	CACTCCACAGAAGCAC
4	CACTCCAGTGTGACGA
4	CACTCCATCATTCACT
4	CAGAATCAGTGCCATT
4	CAGAATCCAATGTAAG
4	CAGAGAGAGACACGAC
4	CAGAGAGCAATGGATA
4	CAGAGAGCACGGTGTC
4	CAGAGAGGTTCACGGC
4	CAGCAGCAGACATAAC
4	CAGCAGCTCGGTGTTA
4	CAGCATAGTCATACTG
4	CAGCATAGTGGTGTAG
4	CAGCCGAAGTCACGCC
4	CAGCCGACACGCATCG
4	CAGCCGAGTAGCTCCG
4	CAGCGACCAATGCCAT
4	CAGCTGGAGTATTGGA
4	CAGCTGGCACCTATCC
4	CAGCTGGGTCTAACGT
4	CAGCTGGTCTATCGCC
4	CAGTAACAGACTTTCG
4	CAGTAACAGCTTTGGT
4	CAGTAACCAAGCCCAC
4	CAGTAACCAGTAACGG
4	CAGTAACTCGCTTGTC
4	CAGTCCTCAGGGTATG
4	CAGTCCTGTTGCGTTA
4	CATATGGCATATGAGA
4	CATCAAGAGATATACG
4	CATCAAGGTGGTCCGT
4	CATCAAGTCTGCTGCT
4	CATCAGACACATGTGT
4	CATCAGACAGCTCGCA
4	CATCCACGTTACGACT
4	CATCGAATCATATCGG
4	CATGACACATTTGCCC
4	CATGCCTCAAAGAATC
4	CATGCCTGTCATACTG
4	CATTATCAGACTGTAA
4	CATTCGCAGGCGATAC
4	CATTCGCGTGGTGTAG
4	CATTCGCGTTCGGGCT
4	CCAATCCTCTCCCTGA
4	CCACCTACATCCGTGG
4	CCACCTAGTTGGTTTG
4	CCACGGATCTATGTGG
4	CCACTACTCGTCACGG
4	CCACTACTCTGCGGCA
4	CCAGCGATCGGTTAAC
4	CCATGTCAGCCACCTG
4	CCATTCGTCACATAGC
4	CCCAATCAGATCCGAG
4	CCCAATCCACACATGT
4	CCCAATCTCTTACCGC
4	CCCAGTTGTGATAAAC
4	CCCATACAGCTCCTCT
4	CCCATACCAAGGACAC
4	CCCTCCTCACCGTTGG
4	CCCTCCTCACGGTAGA
4	CCGGGATAGTACACCT
4	CCGGTAGAGACACTAA
4	CCGGTAGCATTGGGCC
4	CCGTACTAGTCCATAC
4	CCGTACTTCCCACTTG
4	CCGTGGAAGCTGCCCA
4	CCGTTCAAGATATACG
4	CCGTTCAAGGCATGTG
4	CCGTTCAGTACTTCTT
4	CCTAAAGAGTGTTAGA
4	CCTACACAGTACTTGC
4	CCTACACCATATACGC
4	CCTACACTCACAAACC
4	CCTATTACAATGACCT
4	CCTTACGCAAGCTGTT
4	CCTTACGCAGCTGTAT
4	CCTTCGACACAACTGT
4	CCTTCGACACCTATCC
4	CCTTCGAGTAACGACG
4	CCTTCGAGTAGATTAG
4	CCTTTCTAGATGTGGC
4	CGAATGTCATGTAAGA
4	CGAATGTGTCCAAGTT
4	CGAATGTTCTCTTATG
4	CGACCTTGTTATGTGC
4	CGACTTCCATTCCTCG
4	CGAGAAGCACCGGAAA
4	CGAGAAGCATTGCGGC
4	CGAGCACGTGACTCAT
4	CGAGCCAAGAAGGTGA
4	CGAGCCACACGGATAG
4	CGATCGGCAGCGTCCA
4	CGATCGGCATAGGATA
4	CGATGGCAGCACAGGT
4	CGATGGCCAGCCTTGG
4	CGATGTAAGCGTCAAG
4	CGATGTAAGGCCGAAT
4	CGATGTACATGCTAGT
4	CGATGTATCCTGCTTG
4	CGATTGAAGCACCGCT
4	CGCCAAGCAGCGTAAG
4	CGCCAAGGTGTTTGGT
4	CGCGGTAAGAGAACAG
4	CGCGGTATCTCGAGTA
4	CGCTATCCAGCTCCGA
4	CGCTGGAAGCTCCTCT
4	CGCTTCAAGGTCATCT
4	CGCTTCACAAGCGATG
4	CGCTTCATCAGTCCCT
4	CGGACACAGCGCTTAT
4	CGGACACAGTGCGATG
4	CGGACACCAGGTTTCA
4	CGGACGTAGAAACCGC
4	CGGACGTCAATGAAAC
4	CGGACTGGTTCTCATT
4	CGGACTGTCTTTAGTC
4	CGGCTAGCAATGACCT
4	CGGTTAATCCTTGCCA
4	CGTAGCGAGTCATCCA
4	CGTAGCGTCTCGTTTA
4	CGTAGGCAGAGACGAA
4	CGTCAGGTCAGTGTTG
4	CGTCAGGTCCAAGCCG
4	CGTCCATCACGGATAG
4	CGTCTACAGAACAACT
4	CGTCTACGTCGCGAAA
4	CGTGTAAGTATAGGTA
4	CGTTAGATCATCGGAT
4	CGTTCTGGTGTCTGAT
4	CGTTCTGGTTGTGGCC
4	CGTTGGGAGGGTGTGT
4	CGTTGGGCAATCCGAT
4	CTAACTTGTCCGAATT
4	CTAAGACAGTACGTTC
4	CTAAGACGTACCCAAT
4	CTAAGACTCTCGATGA
4	CTACACCAGCGTGTCC
4	CTACACCCACTATCTT
4	CTACATTAGTGTCCCG
4	CTACATTGTAATTGGA
4	CTACATTTCATTCACT
4	CTACATTTCTGGGCCA
4	CTACCCATCCGCAAGC
4	CTAGAGTAGGAGTTGC
4	CTAGAGTCACTATCTT
4	CTAGAGTCATGCAACT
4	CTAGTGAAGAAACCGC
4	CTAGTGAGTCAAAGAT
4	CTAGTGAGTCCAGTTA
4	CTAGTGAGTTGTGGCC
4	CTCACACCAACGCACC
4	CTCAGAATCACGCATA
4	CTCGAAAAGTTCGCGC
4	CTCGAGGTCCTGCCAT
4	CTCGGAGAGCCTATGT
4	CTCGGGACATCGGACC
4	CTCGGGAGTGCTAGCC
4	CTCGTACGTAAGGATT
4	CTCGTACGTCAAAGCG
4	CTCGTACGTCAATACC
4	CTCGTACTCCTGCTTG
4	CTCGTACTCCTGTAGA
4	CTCGTCACAAGAAGAG
4	CTCTACGTCTACCTGC
4	CTGAAGTAGCATGGCA
4	CTGATAGCAAACCCAT
4	CTGATAGTCTTGTTTG
4	CTGATCCCACATGGGA
4	CTGCGGAGTTTACTCT
4	CTGCGGATCAAACGGG
4	CTGGTCTGTTCCCGAG
4	CTGTGCTTCAATAAGG
4	CTGTGCTTCTTTACAC
4	CTTAACTTCCCTGACT
4	CTTACCGGTTTAAGCC
4	CTTAGGACAGCATGAG
4	CTTAGGATCCATGAGT
4	CTTAGGATCTGTCTAT
4	CTTCTCTAGAGTACAT
4	CTTCTCTAGCGTCAAG
4	CTTTGCGGTTCGGCAC
4	CTTTGCGTCGGTTCGG
4	GAAACTCAGTACATGA
4	GAAACTCTCAGAGACG
4	GAAATGACATCCTAGA
4	GAACGGAGTAAGTAGT
4	GAAGCAGCATTTCAGG
4	GAAGCAGGTCAACATC
4	GAAGCAGGTGTTAAGA
4	GAATGAAGTCCAACTA
4	GAATGAATCATGTAGC
4	GAATGAATCTTCAACT
4	GACAGAGCACCTCGTT
4	GACAGAGCAGCGTAAG
4	GACAGAGGTCCCTACT
4	GACCAATGTCTTCAAG
4	GACCTGGCATGAACCT
4	GACCTGGTCCGTAGTA
4	GACGCGTCAGTCAGCC
4	GACGGCTTCCACGAAT
4	GACGGCTTCTTAGCCC
4	GACGTGCAGGCATTGG
4	GACGTGCGTGGAAAGA
4	GACGTGCGTGGTGTAG
4	GACGTTAAGGTGACCA
4	GACGTTACACATGGGA
4	GACTACAGTGAGCGAT
4	GACTACAGTGTTCTTT
4	GACTGCGGTGTGACGA
4	GACTGCGTCCTGTACC
4	GAGCAGACACATTTCT
4	GAGGTGAAGCTGATAA
4	GATCAGTAGACAAAGG
4	GATCAGTAGTAGGTGC
4	GATCAGTCAATCACAC
4	GATCAGTCATCCTAGA
4	GATCGATGTACTCGCG
4	GATCGATGTGTGTGCC
4	GATCGCGAGAGTTGGC
4	GATCGCGCAAGTTCTG
4	GATCGCGGTGTCTGAT
4	GATCGTACATGTCGAT
4	GATCTAGCAATCTGCA
4	GATCTAGTCTGGTTCC
4	GATGAAAAGTCCATAC
4	GATGAAAGTGATGCCC
4	GATGAGGGTGAGTATA
4	GATGAGGGTTATCACG
4	GATGAGGTCCTCCTAG
4	GATGCTAAGATCGATA
4	GATGCTAAGTAGATGT
4	GATGCTACACGCTTTC
4	GATGCTAGTCTGATTG
4	GCAAACTAGGGAACGG
4	GCAAACTCATACTCTT
4	GCAATCAGTGTAACGG
4	GCACATATCTTGTATC
4	GCACTCTCACCAGCAC
4	GCACTCTGTGATGTCT
4	GCAGCCACAACTTGAC
4	GCAGCCACAGCCAGAA
4	GCAGTTAGTCAAAGCG
4	GCAGTTAGTGACCAAG
4	GCATACAAGGGTCGAT
4	GCATACACATGGTAGG
4	GCATACATCACCGTAA
4	GCATGATGTATGAAAC
4	GCATGATGTTTAAGCC
4	GCATGATTCCTCAACC
4	GCATGCGGTTCCACAA
4	GCATGTAGTCCCTACT
4	GCCAAATAGGTAGCTG
4	GCCAAATTCTTTAGGG
4	GCCTCTACACTACAGT
4	GCGACCAAGATGTGGC
4	GCGACCACAGGTTTCA
4	GCGACCACATGGAATA
4	GCGAGAAAGAAGGTGA
4	GCGAGAAAGTCCGGTC
4	GCGAGAACAATAAGCA
4	GCGAGAATCAACGGGA
4	GCGCAGTAGCGCCTCA
4	GCGCAGTCATTAGGCT
4	GCGCCAATCCCTTGCA
4	GCGGGTTCACACAGAG
4	GCGGGTTCAGCCACCA
4	GCGGGTTTCAGTGCAT
4	GCTCCTAAGAAGGTGA
4	GCTCCTAAGACCTTTG
4	GCTCTGTCAGCATACT
4	GCTCTGTTCGCTTAGA
4	GCTGCAGCACCTCGTT
4	GCTGCTTAGAAGGCCT
4	GCTGCTTTCGGCATCG
4	GCTGGGTCAGATCTGT
4	GCTGGGTGTGAAGGCT
4	GCTTCCAGTATGGTTC
4	GCTTCCAGTCGGCACT
4	GCTTCCAGTGATGTCT
4	GCTTCCATCATGTAGC
4	GCTTGAAGTATAAACG
4	GCTTGAAGTTAAGAAC
4	GCTTGAATCCATTCTA
4	GGAACTTAGTTTCCTT
4	GGAATAACAAAGGAAG
4	GGAATAATCCCTGACT
4	GGACAAGGTTCCACAA
4	GGACAGAAGTCTCCTC
4	GGACAGAGTTTCCACC
4	GGACATTAGGATATAC
4	GGACATTTCAGTTCGA
4	GGACGTCGTGAGTATA
4	GGACGTCTCTCGCTTG
4	GGAGCAAAGAATTCCC
4	GGATGTTTCCTAAGTG
4	GGATTACAGATGGCGT
4	GGATTACAGCTACCGC
4	GGCAATTAGTGTGGCA
4	GGCAATTTCATGCATG
4	GGCAATTTCGTTACGA
4	GGCCGATCATCTACGA
4	GGCCGATGTACGCTGC
4	GGCCGATGTTACCGAT
4	GGCCGATTCCCTAACC
4	GGCCGATTCTAGCACA
4	GGCGACTAGAGTAAGG
4	GGCGTGTGTTAGTGGG
4	GGCTCGAAGCAACGGT
4	GGCTGGTCATCCCACT
4	GGCTGGTTCTACTTAC
4	GGGAATGGTAAGTGTA
4	GGGACCTTCGACGGAA
4	GGGAGATAGACAGAGA
4	GGGAGATCAGATCTGT
4	GGGAGATGTTAAAGAC
4	GGGAGATTCATGTCCC
4	GGGATGACACCCAGTG
4	GGGCACTAGATGGGTC
4	GGGCACTCACTACAGT
4	GGGCACTGTGTATGGG
4	GGGTCTGCACTTCTGC
4	GGGTCTGCATACTCTT
4	GGGTTGCTCAGCGATT
4	GGTATTGGTGACGCCT
4	GGTGCGTGTCCGACGT
4	GGTGCGTTCCTGCTTG
4	GGTGTTACATCCGGGT
4	GGTGTTAGTTCCATGA
4	GTAACTGCAGGGTATG
4	GTACGTACAATGAAAC
4	GTACTCCAGAAGGACA
4	GTACTCCCACACAGAG
4	GTACTTTCAGCTGTTA
4	GTACTTTCAGTTAACC
4	GTAGTCACACAGATTC
4	GTATCTTTCCAAAGTC
4	GTATTCTGTCTAAAGA
4	GTCACAACAGGAATCG
4	GTCACAAGTTGTACAC
4	GTCACGGCATGTTGAC
4	GTCATTTTCAGTGTTG
4	GTCATTTTCGATCCCT
4	GTCCTCACAAGACACG
4	GTCCTCAGTGCAGGTA
4	GTCCTCATCACCAGGC
4	GTCGGGTAGCCAGTTT
4	GTCGGGTGTTACTGAC
4	GTCGTAAAGACTAGAT
4	GTCGTAAGTTGACGTT
4	GTCGTAATCTAGCACA
4	GTCGTAATCTCCAACC
4	GTGAAGGAGGGCACTA
4	GTGCAGCAGCGTTCCG
4	GTGCAGCCATGGGACA
4	GTGCATAGTCTTCGTC
4	GTGCATATCGGCGGTT
4	GTGCGGTAGCGTGAAC
4	GTGCGGTCAATCGGTT
4	GTGCGGTCACATTCGA
4	GTGCGGTCACCCAGTG
4	GTGCTTCCAGGGATTG
4	GTGGGTCCAAGCCCAC
4	GTGGGTCTCTGTTTGT
4	GTGTGCGAGGATGCGT
4	GTGTTAGTCTTAACCT
4	GTTAAGCGTAGCTCCG
4	GTTAAGCGTCTAAACC
4	GTTACAGCATTCCTCG
4	GTTACAGGTATATCCG
4	GTTCATTAGCAATCTC
4	GTTCATTCATGTCCTC
4	GTTCATTTCAAAGACA
4	GTTCGGGGTTATCCGA
4	GTTTCTACAGGACGTA
4	TAAACCGGTTAGTGGG
4	TAAACCGTCAATCTCT
4	TAAGCGTGTCATTAGC
4	TAAGTGCCACGCGAAA
4	TAAGTGCTCCCTAACC
4	TACACGAGTCTAGGTT
4	TACACGATCCTTTCGG
4	TACAGTGAGAGCTTCT
4	TACAGTGAGGCGATAC
4	TACAGTGTCAATCTCT
4	TACCTATTCGCTGATA
4	TACCTTAGTCTCATCC
4	TACCTTAGTTCAGTAC
4	TACCTTAGTTGAACTC
4	TACCTTATCCTAGGGC
4	TACCTTATCTTAGCCC
4	TACGGATAGAAACGCC
4	TACGGGCAGTGGAGAA
4	TACGGTAAGCGGATCA
4	TACGGTACAAGGTTTC
4	TACGGTATCGGCGCTA
4	TACTCGCTCCGTACAA
4	TACTCGCTCTTGGGTA
4	TACTTACCATAGTAAG
4	TACTTACGTTGAGTTC
4	TACTTGTCACCAGGCT
4	TACTTGTTCGTCCAGG
4	TAGACCAAGTGACATA
4	TAGACCACACTGTTAG
4	TAGACCATCAATACCG
4	TAGAGCTGTTTACTCT
4	TAGCCGGAGATGCCAG
4	TAGCCGGCAAGAAAGG
4	TAGCCGGGTGCTCTTC
4	TAGTGGTGTTCTCATT
4	TAGTTGGCAAGAGTCG
4	TATCTCAAGACCTTTG
4	TATCTCAGTAGCTCCG
4	TATCTCATCCTGCCAT
4	TATGCCCCAGTATGCT
4	TATGCCCCATGACATC
4	TATGCCCTCTGCTGCT
4	TATTACCCACGGCCAT
4	TATTACCGTCTGGAGA
4	TATTACCTCCGCTGTT
4	TCAACGAAGGCAATTA
4	TCAACGAGTACGCTGC
4	TCAACGATCAACGCTA
4	TCAATCTAGATGCCAG
4	TCACAAGTCAGCTTAG
4	TCACGAAGTGTGACGA
4	TCACGAATCCTCGCAT
4	TCAGATGTCCACGAAT
4	TCAGATGTCTTTAGTC
4	TCAGCAACAAGCCGCT
4	TCAGCAACATGCATGT
4	TCAGCTCCAGCTATTG
4	TCAGCTCGTCCTGCTT
4	TCAGCTCGTTAAGACA
4	TCAGCTCTCTGTCAAG
4	TCAGGTACACCCATTC
4	TCATTACAGCTACCGC
4	TCATTACTCCATGAGT
4	TCATTTGCATACTACG
4	TCATTTGGTCCGCTGA
4	TCCACACCAGGAATCG
4	TCCACACGTGTAACGG
4	TCCCGATGTGGTCCGT
4	TCGAGGCCATTACGAC
4	TCGAGGCGTGTGACGA
4	TCGCGAGCAGTGAGTG
4	TCGCGAGCATGAACCT
4	TCGCGAGCATGCCCGA
4	TCGCGAGTCACCTTAT
4	TCGCGAGTCGTTACAG
4	TCGCGTTAGCTTCGCG
4	TCGCGTTAGGACCACA
4	TCGCGTTTCCCTCTTT
4	TCGGGACTCCATTCTA
4	TCGTACCCAAGCCGTC
4	TCGTACCGTGATGTGG
4	TCGTACCTCCAGTATG
4	TCTATTGCAGCCTGTG
4	TCTCATAGTGTTAAGA
4	TCTCTAAAGCGCCTTG
4	TCTCTAACAGTCTTCC
4	TCTGAGAGTAGCGCTC
4	TCTGAGAGTGTGACCC
4	TCTGAGATCTTACCTA
4	TCTGGAATCTGACCTC
4	TCTTCGGAGAGTGACC
4	TCTTCGGGTAACGTTC
4	TCTTTCCCAGATTGCT
4	TGAAAGAGTCGTGGCT
4	TGACAACAGGTGTGGT
4	TGACAACGTCCGAATT
4	TGACGGCAGAGCAATT
4	TGACGGCGTTACCAGT
4	TGACTAGAGCGCTTAT
4	TGACTAGTCATAACCG
4	TGAGAGGAGCCCTAAT
4	TGAGCATAGACTCGGA
4	TGAGCATAGGAGCGTT
4	TGAGCATAGGATATAC
4	TGAGCATGTCTCTCTG
4	TGAGCCGGTAAACACA
4	TGATTTCCAGTAAGAT
4	TGCCAAACAGCCTTTC
4	TGCCCTAAGGACAGAA
4	TGCCCTACACGAGGTA
4	TGCGCAGAGCTCTCGG
4	TGCGCAGGTACAGCAG
4	TGCGCAGTCTGGTGTA
4	TGCGTGGGTCGCATAT
4	TGCGTGGTCTAGAGTC
4	TGCTACCAGCTAACTC
4	TGCTACCGTTTGTTTC
4	TGCTGCTCAACGATGG
4	TGCTGCTCACCTGGTG
4	TGCTGCTGTCCAAGTT
4	TGGACGCAGACTTTCG
4	TGGACGCGTTCGGGCT
4	TGGCCAGAGCGTGAAC
4	TGGCCAGCAAACGCGA
4	TGGCCAGGTCGTGGCT
4	TGGCCAGGTGTGAAAT
4	TGGCCAGTCGTAGGTT
4	TGGCGCAAGTCGATAA
4	TGGGCGTAGCTCCTCT
4	TGGTTAGAGATGCCTT
4	TGGTTAGTCTCAAACG
4	TGGTTCCGTACAAGTA
4	TGGTTCCTCCACTCCA
4	TGTATTCCAATCGGTT
4	TGTATTCGTGGCCCTA
4	TGTCCCACAGCCAATT
4	TGTCCCAGTCCTCTTG
4	TGTCCCAGTTCGTTGA
4	TGTCCCATCCCAACGG
4	TGTGGTAGTAGGCTGA
4	TGTGGTATCAACCATG
4	TGTGGTATCCGCGGTA
4	TGTGGTATCGTCTGCT
4	TGTGTTTGTCAAAGCG
4	TGTTCCGCACAGACAG
4	TGTTCCGCATACTACG
4	TGTTCCGGTAAGAGGA
4	TGTTCCGTCATGTGGT
4	TTAACTCAGGGTGTGT
4	TTAACTCGTATCTGCA
4	TTAGGCAAGCAAATCA
4	TTAGTTCCAAGTCTAC
4	TTAGTTCCATCCAACA
4	TTATGCTAGGTGATAT
4	TTATGCTAGTGCTGCC
4	TTATGCTCATGGTCTA
4	TTATGCTTCTAACCGA
4	TTCCCAGCAAGGACAC
4	TTCCCAGTCAGCAACT
4	TTCGAAGGTGACGGTA
4	TTCGGTCAGAAGGACA
4	TTCGGTCAGATCGATA
4	TTCGGTCGTTTGACAC
4	TTCGGTCTCAGGATCT
4	TTCTACAGTACTCGCG
4	TTCTCAAGTACAGTGG
4	TTCTCAATCTGACCTC
4	TTCTCCTCAATGAAAC
4	TTCTTAGCAGACGCCT
4	TTGACTTCAGCGTTCG
4	TTGACTTGTAAATACG
4	TTGCCGTCAAAGGAAG
4	TTGCCGTTCCACGCAG
4	TTGGAACAGAAGGTTT
4	TTGGCAAGTGAAATCA
4	TTGTAGGAGGATGGAA
4	TTGTAGGTCGATGAGG
4	TTTACTGTCACTGGGC
4	TTTATGCCAAGTTCTG
4	TTTATGCTCCACTCCA
4	TTTATGCTCTTGCCGT
4	TTTCCTCGTAACGACG
4	TTTGCGCAGCTGGAAC
4	TTTGTCAAGTGCGTGA
