,AAACCTGAGTAGCGGT,AAACCTGAGTCCAGGA,AAACGGGTCCTTCAAT,AAAGATGAGAGGTACC,AAAGTAGTCGACCAGC,AACACGTAGCTAAACA,AACACGTAGTCTCAAC,AACCATGCACATAACC,AACCATGGTGAAATCA,AACCGCGCACAACGTT,AACCGCGTCAACCATG,AACGTTGAGACTTGAA,AACGTTGGTCGGCACT,AACGTTGTCTAAGCCA,AACTCAGTCAAACCAC,AACTCAGTCTAGAGTC,AACTCCCGTAGCTAAA,AACTCTTAGTGGTCCC,AACTGGTGTAGCACGA,AACTGGTTCCACGCAG,AACTTTCAGAGGTAGA,AACTTTCCATAGGATA,AAGCCGCGTACCAGTT,AAGGAGCAGAGGTTAT,AAGGCAGAGGATGCGT,AAGGCAGGTGCCTGGT,AAGGTTCCACAACTGT,AAGTCTGCAAGGGTCA,AAGTCTGCATCCAACA,AATCCAGAGGCGTACA,AATCCAGCATTTGCCC,AATCCAGTCTGCTGTC,ACACCAATCTACCAGA,ACAGCTAGTACAGTTC,ACAGCTAGTCAGAGGT,ACATACGAGTGCTGCC,ACATACGGTGGTCCGT,ACATCAGCACAGATTC,ACATCAGCAGTTCATG,ACATCAGGTTATCGGT,ACATGGTAGGAGTTGC,ACATGGTCACAGCCCA,ACATGGTCACCAGATT,ACATGGTGTCTTCAAG,ACATGGTGTGGCAAAC,ACCAGTAAGTCCATAC,ACCAGTACACTTACGA,ACCGTAAGTAATCGTC,ACCGTAAGTGATGTGG,ACCTTTACATACCATG,ACCTTTAGTGACGGTA,ACCTTTATCCGAGCCA,ACGAGCCAGCTAGTGG,ACGAGCCCAAGCCCAC,ACGAGGAGTATAGTAG,ACGATGTGTCACACGC,ACGATGTTCTTTACGT,ACGCAGCAGAGCAATT,ACGCAGCGTTAGTGGG,ACGCCAGCAGCTGCAC,ACGCCGAAGCTAACTC,ACGCCGATCGCCATAA,ACGCCGATCGTAGATC,ACGGAGAGTCAAGCGA,ACGGCCAAGTATTGGA,ACGGCCACAAGGTTCT,ACGGCCATCTGGTATG,ACGTCAAAGCTCCCAG,ACTATCTCACAGTCGC,ACTATCTGTCTGATCA,ACTATCTTCGTCTGAA,ACTGAACAGAGATGAG,ACTGAACCAAGAAAGG,ACTGAACTCAGGTAAA,ACTGAGTCAAGACACG,ACTGAGTTCCGTTGCT,ACTGCTCTCTGAGGGA,ACTGCTCTCTTGAGAC,ACTTACTTCACCAGGC,ACTTGTTAGCGTGTCC,ACTTGTTGTACTTAGC,ACTTTCAAGCTACCTA,AGAATAGTCCAAGTAC,AGACGTTAGGCATGTG,AGACGTTGTAAGTGGC,AGAGCGAAGAGAGCTC,AGAGCGAAGGAATGGA,AGAGCGACATTGGTAC,AGAGCGATCGTTACAG,AGAGCTTTCGTCGTTC,AGAGTGGAGAGTGACC,AGAGTGGAGCACCGTC,AGAGTGGAGGTAAACT,AGAGTGGAGTGTGGCA,AGAGTGGGTGGGTATG,AGATTGCAGGCTATCT,AGATTGCAGTGAACGC,AGATTGCTCACCACCT,AGCAGCCAGTCAATAG,AGCAGCCTCATAACCG,AGCATACGTCATACTG,AGCCTAAAGGTGGGTT,AGCCTAACATACCATG,AGCGGTCTCATGTGGT,AGCTCCTGTCGAACAG,AGCTCTCAGAACTCGG,AGCTCTCTCAACGGGA,AGCTCTCTCCTAAGTG,AGCTTGAAGTGGTAGC,AGCTTGACACGTAAGG,AGCTTGAGTCCCGACA,AGGCCGTGTTCATGGT,AGGGATGGTTCGTTGA,AGGGTGAAGATAGGAG,AGGTCATAGCGTCTAT,AGGTCCGGTTACGTCA,AGTAGTCCAAGCGATG,AGTAGTCCAGAGCCAA,AGTAGTCGTCCTCTTG,AGTCTTTAGCGACGTA,AGTCTTTAGCTCCTCT,AGTCTTTCAAGTCTAC,AGTCTTTTCACGCGGT,AGTGGGAGTTGCGTTA,AGTTGGTCAGGAATGC,ATAACGCAGAGTGAGA,ATAGACCAGTCCGTAT,ATCACGATCACTGGGC,ATCATCTCAATTCCTT,ATCATCTTCCCAACGG,ATCATCTTCTTAACCT,ATCCACCCACTTAACG,ATCCGAAAGTATGACA,ATCCGAACAATCAGAA,ATCCGAACATCTCGCT,ATCGAGTAGTAACCCT,ATCGAGTTCAAGGCTT,ATCGAGTTCTCTAAGG,ATGAGGGAGTGTTTGC,ATGCGATAGTGTCTCA,ATGCGATTCCAAACAC,ATGGGAGAGAACTCGG,ATGGGAGTCGTTGCCT,ATGGGAGTCTGGTGTA,ATGTGTGCAGTGGAGT,ATGTGTGTCAAACGGG,ATGTGTGTCCCATTAT,ATTACTCTCCACGTGG,ATTATCCCACCTCGTT,ATTATCCTCTTTACGT,ATTCTACAGGTAGCCA,ATTCTACTCCTTTCGG,ATTGGTGAGCGGATCA,ATTTCTGCATAAAGGT,CAACCAAGTGTATGGG,CAACCTCGTGGTCCGT,CAACTAGGTAAACCTC,CAACTAGGTCTAGGTT,CAAGTTGGTCTTCGTC,CACAAACAGCGTTGCC,CACAAACCAAGCGCTC,CACAAACGTTGATTCG,CACACAAAGCCACGCT,CACACAAAGGCCCTTG,CACACAAGTCCGCTGA,CACACAAGTCTGATCA,CACACAAGTTGCGTTA,CACACCTCATTGGCGC,CACACTCAGATTACCC,CACAGTATCAAACAAG,CACATAGTCCATGAAC,CACCAGGAGTCCCACG,CACCAGGGTGCCTTGG,CACCTTGAGCTACCTA,CACCTTGCATAAAGGT,CACCTTGTCTGAGGGA,CACTCCAAGTTAAGTG,CACTCCACAGAAGCAC,CACTCCAGTGTGACGA,CACTCCATCATTCACT,CAGAATCAGTGCCATT,CAGAATCCAATGTAAG,CAGAGAGAGACACGAC,CAGAGAGCAATGGATA,CAGAGAGCACGGTGTC,CAGAGAGGTTCACGGC,CAGCAGCTCGGTGTTA,CAGCATAGTCATACTG,CAGCCGAAGTCACGCC,CAGCCGACACGCATCG,CAGCCGAGTAGCTCCG,CAGCGACCAATGCCAT,CAGCTGGAGTATTGGA,CAGCTGGCACCTATCC,CAGCTGGGTCTAACGT,CAGCTGGTCTATCGCC,CAGTAACAGACTTTCG,CAGTAACAGCTTTGGT,CAGTAACCAAGCCCAC,CAGTAACCAGTAACGG,CAGTAACTCGCTTGTC,CAGTCCTCAGGGTATG,CAGTCCTGTTGCGTTA,CATATGGCATATGAGA,CATCAAGAGATATACG,CATCAAGGTGGTCCGT,CATCAAGTCTGCTGCT,CATCAGACACATGTGT,CATCAGACAGCTCGCA,CATCCACGTTACGACT,CATCGAATCATATCGG,CATGACACATTTGCCC,CATGCCTCAAAGAATC,CATGCCTGTCATACTG,CATTATCAGACTGTAA,CATTCGCAGGCGATAC,CCAATCCTCTCCCTGA,CCACCTACATCCGTGG,CCACCTAGTTGGTTTG,CCACGGATCTATGTGG,CCACTACTCGTCACGG,CCACTACTCTGCGGCA,CCAGCGATCGGTTAAC,CCATTCGTCACATAGC,CCCAATCAGATCCGAG,CCCAATCCACACATGT,CCCAATCTCTTACCGC,CCCAGTTGTGATAAAC,CCCATACAGCTCCTCT,CCCATACCAAGGACAC,CCCTCCTCACCGTTGG,CCCTCCTCACGGTAGA,CCGGGATAGTACACCT,CCGGTAGAGACACTAA,CCGTACTAGTCCATAC,CCGTACTTCCCACTTG,CCGTGGAAGCTGCCCA,CCGTTCAAGATATACG,CCGTTCAAGGCATGTG,CCGTTCAGTACTTCTT,CCTAAAGAGTGTTAGA,CCTACACAGCTAGGCA,CCTACACAGTACTTGC,CCTACACCATATACGC,CCTACACTCACAAACC,CCTATTACAATGACCT,CCTTACGCAAGCTGTT,CCTTACGCAGCTGTAT,CCTTCGACACAACTGT,CCTTCGACACCTATCC,CCTTCGAGTAACGACG,CCTTCGAGTAGATTAG,CCTTTCTAGATGTGGC,CGAATGTCATGTAAGA,CGAATGTGTCCAAGTT,CGAATGTTCTCTTATG,CGACCTTGTTATGTGC,CGACTTCCATTCCTCG,CGAGAAGCACCGGAAA,CGAGCACGTGACTCAT,CGAGCCAAGAAGGTGA,CGAGCCACACGGATAG,CGATCGGCAGCGTCCA,CGATCGGCATAGGATA,CGATGGCAGCACAGGT,CGATGGCCAGCCTTGG,CGATGTAAGCGTCAAG,CGATGTAAGGCCGAAT,CGATGTACATGCTAGT,CGATGTATCCTGCTTG,CGATTGAAGCACCGCT,CGCCAAGCAGCGTAAG,CGCCAAGGTGTTTGGT,CGCGGTAAGAGAACAG,CGCGGTATCTCGAGTA,CGCTATCCAGCTCCGA,CGCTGGAAGCTCCTCT,CGCTTCAAGGTCATCT,CGCTTCACAAGCGATG,CGCTTCATCAGTCCCT,CGGACACAGCGCTTAT,CGGACACAGTGCGATG,CGGACACCAGGTTTCA,CGGACGTAGAAACCGC,CGGACGTCAATGAAAC,CGGACTGGTTCTCATT,CGGACTGTCTTTAGTC,CGGCTAGCAATGACCT,CGGTTAATCCTTGCCA,CGTAGCGAGTCATCCA,CGTAGCGTCTCGTTTA,CGTAGGCAGAGACGAA,CGTCAGGTCAGTGTTG,CGTCAGGTCCAAGCCG,CGTCCATCACGGATAG,CGTCTACAGAACAACT,CGTCTACGTCGCGAAA,CGTGTAAGTATAGGTA,CGTTAGATCATCGGAT,CGTTCTGGTGTCTGAT,CGTTCTGGTTGTGGCC,CGTTGGGAGGGTGTGT,CGTTGGGCAATCCGAT,CTAACTTGTCCGAATT,CTAAGACAGTACGTTC,CTAAGACGTACCCAAT,CTACACCCACTATCTT,CTACATTAGTGTCCCG,CTACATTTCATTCACT,CTACATTTCTGGGCCA,CTACCCATCCGCAAGC,CTAGAGTAGGAGTTGC,CTAGAGTCACTATCTT,CTAGAGTCATGCAACT,CTAGTGAAGAAACCGC,CTAGTGAGTCAAAGAT,CTAGTGAGTCCAGTTA,CTAGTGAGTTGTGGCC,CTCACACCAACGCACC,CTCAGAATCACGCATA,CTCGAAAAGTTCGCGC,CTCGGAGAGCCTATGT,CTCGGGACATCGGACC,CTCGTACGTAAGGATT,CTCGTACGTCAAAGCG,CTCGTACGTCAATACC,CTCGTACTCCTGCTTG,CTCGTACTCCTGTAGA,CTCGTCACAAGAAGAG,CTCTACGTCTACCTGC,CTGAAGTAGCATGGCA,CTGATAGCAAACCCAT,CTGATAGTCTTGTTTG,CTGATCCCACATGGGA,CTGCGGAGTTTACTCT,CTGCGGATCAAACGGG,CTGTGCTTCAATAAGG,CTTAACTTCCCTGACT,CTTACCGGTTTAAGCC,CTTAGGACAGCATGAG,CTTAGGATCCATGAGT,CTTAGGATCTGTCTAT,CTTCTCTAGAGTACAT,CTTCTCTAGCGTCAAG,CTTTGCGTCGGTTCGG,GAAACTCAGTACATGA,GAAACTCTCAGAGACG,GAAATGACATCCTAGA,GAACGGAGTAAGTAGT,GAAGCAGGTCAACATC,GAAGCAGGTGTTAAGA,GAATGAATCATGTAGC,GAATGAATCTTCAACT,GACAGAGCAGCGTAAG,GACAGAGGTCCCTACT,GACCTGGCATGAACCT,GACCTGGTCCGTAGTA,GACGCGTCAGTCAGCC,GACGGCTTCCACGAAT,GACGGCTTCTTAGCCC,GACGTGCAGGCATTGG,GACGTGCGTGGAAAGA,GACGTGCGTGGTGTAG,GACGTTAAGGTGACCA,GACGTTACACATGGGA,GACTACAGTGAGCGAT,GACTACAGTGTTCTTT,GACTGCGTCCTGTACC,GAGGTGAAGCTGATAA,GATCAGTAGACAAAGG,GATCAGTAGTAGGTGC,GATCAGTCAATCACAC,GATCAGTCATCCTAGA,GATCGATGTACTCGCG,GATCGATGTGTGTGCC,GATCGCGAGAGTTGGC,GATCGCGCAAGTTCTG,GATCGCGGTGTCTGAT,GATCGTACATGTCGAT,GATCGTAGTCCAGTTA,GATGAAAAGTCCATAC,GATGAAAGTGATGCCC,GATGAGGGTGAGTATA,GATGAGGGTTATCACG,GATGAGGTCCTCCTAG,GATGCTAAGATCGATA,GATGCTAAGTAGATGT,GATGCTACACGCTTTC,GATGCTAGTCTGATTG,GATTCAGTCGCGTAGC,GCAAACTAGGGAACGG,GCAAACTCATACTCTT,GCAATCAGTGTAACGG,GCACATATCTTGTATC,GCACTCTCACCAGCAC,GCACTCTGTGATGTCT,GCAGCCACAACTTGAC,GCAGCCACAGCCAGAA,GCAGTTAGTCAAAGCG,GCAGTTAGTGACCAAG,GCATACACATGGTAGG,GCATACATCACCGTAA,GCATGATGTATGAAAC,GCATGATGTTTAAGCC,GCATGATTCCTCAACC,GCATGCGGTTCCACAA,GCATGTAGTCCCTACT,GCCAAATAGGTAGCTG,GCCAAATTCTTTAGGG,GCCTCTACACTACAGT,GCGACCAAGATGTGGC,GCGACCACAGGTTTCA,GCGACCACATGGAATA,GCGAGAAAGAAGGTGA,GCGAGAAAGTCCGGTC,GCGAGAACAATAAGCA,GCGAGAATCAACGGGA,GCGCAGTAGCGCCTCA,GCGCAGTCATTAGGCT,GCGCCAATCCCTTGCA,GCGGGTTCACACAGAG,GCGGGTTCAGCCACCA,GCTCCTAAGAAGGTGA,GCTCCTAAGACCTTTG,GCTCTGTCAGCATACT,GCTCTGTTCGCTTAGA,GCTGCAGCACCTCGTT,GCTGCTTAGAAGGCCT,GCTGCTTTCGGCATCG,GCTGGGTCAGATCTGT,GCTGGGTGTGAAGGCT,GCTTCCAGTATGGTTC,GCTTCCAGTCGGCACT,GCTTCCAGTGATGTCT,GCTTCCATCATGTAGC,GCTTGAAGTATAAACG,GCTTGAAGTTAAGAAC,GCTTGAATCCATTCTA,GGAACTTAGTTTCCTT,GGAATAACAAAGGAAG,GGACAAGCAAATACAG,GGACAAGGTTCCACAA,GGACAGAAGTCTCCTC,GGACAGAGTTTCCACC,GGACATTTCAGTTCGA,GGACGTCGTGAGTATA,GGACGTCTCTCGCTTG,GGAGCAAAGAATTCCC,GGATGTTTCCTAAGTG,GGATTACAGCTACCGC,GGCAATTAGTGTGGCA,GGCAATTTCATGCATG,GGCAATTTCGTTACGA,GGCCGATCATCTACGA,GGCCGATGTACGCTGC,GGCCGATGTTACCGAT,GGCCGATTCCCTAACC,GGCGACTAGAGTAAGG,GGCGTGTGTTAGTGGG,GGCTGGTCATCCCACT,GGCTGGTTCTACTTAC,GGGAATGGTAAGTGTA,GGGACCTTCGACGGAA,GGGAGATAGACAGAGA,GGGAGATCAGATCTGT,GGGAGATGTTAAAGAC,GGGAGATTCATGTCCC,GGGAGATTCCTACAGA,GGGATGACACCCAGTG,GGGCACTAGATGGGTC,GGGCACTCACTACAGT,GGGCACTGTGTATGGG,GGGTCTGCATACTCTT,GGGTTGCTCAGCGATT,GGTGCGTGTCCGACGT,GGTGCGTTCCTGCTTG,GGTGTTACATCCGGGT,GGTGTTAGTTCCATGA,GTAACTGCAGGGTATG,GTACGTACAATGAAAC,GTACTCCAGAAGGACA,GTACTCCCACACAGAG,GTACTTTCAGCTGTTA,GTACTTTCAGTTAACC,GTAGTCACACAGATTC,GTATCTTTCCAAAGTC,GTATTCTGTCTAAAGA,GTCACAACAGGAATCG,GTCACAAGTTGTACAC,GTCACGGCATGTTGAC,GTCATTTTCAGTGTTG,GTCATTTTCGATCCCT,GTCCTCACAAGACACG,GTCCTCAGTGCAGGTA,GTCCTCATCACCAGGC,GTCGGGTAGCCAGTTT,GTCGGGTGTTACTGAC,GTCGTAAGTTGACGTT,GTCGTAATCTAGCACA,GTCGTAATCTCCAACC,GTCTTCGAGTGGACGT,GTGAAGGAGGGCACTA,GTGCAGCAGCGTTCCG,GTGCAGCCATGGGACA,GTGCATAGTCTTCGTC,GTGCATATCGGCGGTT,GTGCGGTAGCGTGAAC,GTGCGGTCAATCGGTT,GTGCGGTCACATTCGA,GTGCGGTCACCCAGTG,GTGCTTCCAGGGATTG,GTGGGTCCAAGCCCAC,GTGGGTCTCTGTTTGT,GTGTTAGTCTTAACCT,GTTAAGCGTAGCTCCG,GTTAAGCGTCTAAACC,GTTACAGCATTCCTCG,GTTACAGGTATATCCG,GTTCATTAGCAATCTC,GTTCATTCATGTCCTC,GTTCATTTCAAAGACA,GTTCGGGGTTATCCGA,GTTTCTACAGGACGTA,TAAACCGGTTAGTGGG,TAAACCGTCAATCTCT,TAAGCGTGTCATTAGC,TAAGTGCCACGCGAAA,TAAGTGCTCCCTAACC,TACACGAGTCTAGGTT,TACACGATCCTTTCGG,TACAGTGAGAGCTTCT,TACAGTGAGGCGATAC,TACAGTGTCAATCTCT,TACCTATTCGCTGATA,TACCTTAGTCTCATCC,TACCTTAGTTCAGTAC,TACCTTAGTTGAACTC,TACCTTATCCTAGGGC,TACCTTATCTTAGCCC,TACGGATAGAAACGCC,TACGGGCAGTGGAGAA,TACGGTAAGCGGATCA,TACGGTACAAGGTTTC,TACGGTATCGGCGCTA,TACTCGCTCCGTACAA,TACTCGCTCTTGGGTA,TACTTACCATAGTAAG,TACTTACGTTGAGTTC,TACTTGTCACCAGGCT,TACTTGTTCGTCCAGG,TAGACCACACTGTTAG,TAGACCATCAATACCG,TAGAGCTGTTTACTCT,TAGCCGGAGATGCCAG,TAGCCGGCAAGAAAGG,TAGCCGGGTGCTCTTC,TAGTGGTGTTCTCATT,TAGTTGGCAAGAGTCG,TATCTCAAGACCTTTG,TATCTCATCCTGCCAT,TATGCCCCAGTATGCT,TATGCCCCATGACATC,TATTACCCACGGCCAT,TATTACCGTCTGGAGA,TATTACCTCCGCTGTT,TCAACGAAGGCAATTA,TCAACGAGTACGCTGC,TCAACGATCAACGCTA,TCAATCTAGATGCCAG,TCACAAGTCAGCTTAG,TCACGAAGTGTGACGA,TCACGAATCCTCGCAT,TCAGATGTCCACGAAT,TCAGATGTCTTTAGTC,TCAGCAACAAGCCGCT,TCAGCAACATGCATGT,TCAGCTCCAGCTATTG,TCAGCTCGTCCTGCTT,TCAGCTCGTTAAGACA,TCAGCTCTCTGTCAAG,TCAGGTACACCCATTC,TCATTACAGCTACCGC,TCATTACTCCATGAGT,TCATTTGCATACTACG,TCATTTGGTCCGCTGA,TCCACACCAGGAATCG,TCCACACGTGTAACGG,TCGAGGCCATTACGAC,TCGAGGCGTGTGACGA,TCGCGAGCAGTGAGTG,TCGCGAGCATGAACCT,TCGCGAGCATGCCCGA,TCGCGAGTCACCTTAT,TCGCGAGTCGTTACAG,TCGCGTTAGCTTCGCG,TCGCGTTAGGACCACA,TCGCGTTTCCCTCTTT,TCGGGACTCCATTCTA,TCGTACCCAAGCCGTC,TCGTACCGTGATGTGG,TCGTACCTCCAGTATG,TCTATTGCAGCCTGTG,TCTCATAGTGTTAAGA,TCTCTAAAGCGCCTTG,TCTGAGAGTAGCGCTC,TCTGAGAGTGTGACCC,TCTGAGATCTTACCTA,TCTTCGGAGAGTGACC,TCTTCGGGTAACGTTC,TCTTTCCCAGATTGCT,TGAAAGAGTCGTGGCT,TGACAACAGGTGTGGT,TGACAACGTCCGAATT,TGACGGCAGAGCAATT,TGACGGCGTTACCAGT,TGACTAGAGCGCTTAT,TGACTAGTCATAACCG,TGAGAGGAGCCCTAAT,TGAGCATAGACTCGGA,TGAGCATAGGAGCGTT,TGAGCATAGGATATAC,TGAGCATGTCTCTCTG,TGAGCCGGTAAACACA,TGATTTCCAGTAAGAT,TGCCAAACAGCCTTTC,TGCCCTAAGGACAGAA,TGCCCTACACGAGGTA,TGCGCAGAGCTCTCGG,TGCGCAGGTACAGCAG,TGCGCAGTCTGGTGTA,TGCGTGGGTCGCATAT,TGCGTGGTCTAGAGTC,TGCTACCAGCTAACTC,TGCTACCGTTTGTTTC,TGCTGCTCAACGATGG,TGCTGCTCACCTGGTG,TGCTGCTGTCCAAGTT,TGGACGCAGACTTTCG,TGGACGCGTTCGGGCT,TGGCCAGAGCGTGAAC,TGGCCAGCAAACGCGA,TGGCCAGGTGTGAAAT,TGGCCAGTCGTAGGTT,TGGCGCAAGAATAGGG,TGGCGCAAGTCGATAA,TGGGCGTAGCTCCTCT,TGGTTAGAGATGCCTT,TGGTTAGTCTCAAACG,TGGTTCCTCCACTCCA,TGTATTCCAATCGGTT,TGTATTCGTGGCCCTA,TGTCCCACAGCCAATT,TGTCCCATCCCAACGG,TGTGGTAGTAGGCTGA,TGTGGTATCAACCATG,TGTGGTATCCGCGGTA,TGTGGTATCGTCTGCT,TGTGTTTGTCAAAGCG,TGTTCCGCACAGACAG,TGTTCCGCATACTACG,TGTTCCGGTAAGAGGA,TGTTCCGTCATGTGGT,TTAACTCAGGGTGTGT,TTAACTCGTATCTGCA,TTAGGCAAGCAAATCA,TTAGTTCCAAGTCTAC,TTAGTTCCATCCAACA,TTATGCTAGGTGATAT,TTATGCTAGTGCTGCC,TTATGCTCATGGTCTA,TTATGCTGTAAACACA,TTATGCTTCTAACCGA,TTCCCAGCAAGGACAC,TTCCCAGTCAGCAACT,TTCGAAGGTGACGGTA,TTCGGTCAGAAGGACA,TTCGGTCAGATCGATA,TTCGGTCGTTTGACAC,TTCGGTCTCAGGATCT,TTCTACAGTACTCGCG,TTCTCAAGTACAGTGG,TTCTCAATCTGACCTC,TTCTCCTCAATGAAAC,TTCTTAGCAGACGCCT,TTGACTTCAGCGTTCG,TTGACTTGTAAATACG,TTGCCGTCAAAGGAAG,TTGCCGTTCCACGCAG,TTGGCAAGTGAAATCA,TTGTAGGAGGATGGAA,TTGTAGGTCGATGAGG,TTTATGCCAAGTTCTG,TTTATGCTCCACTCCA,TTTATGCTCTTGCCGT,TTTCCTCGTAACGACG,TTTGCGCAGCTGGAAC,TTTGTCAAGTGCGTGA
ACTAGGAGATTGACGGATCACCTTTGGTCG,0,0,0,0,0,0,0,0,0,0,0,0,0,0,0,0,0,0,0,0,0,0,0,0,0,0,0,0,0,0,0,0,0,0,0,0,0,0,0,0,0,0,0,0,0,0,0,0,0,0,0,0,0,0,0,0,0,0,0,0,0,0,0,0,0,0,0,0,0,0,0,0,0,0,0,0,0,0,0,0,0,0,0,0,0,0,0,0,0,0,0,0,0,0,0,0,0,0,0,0,0,0,0,0,0,0,0,0,0,0,0,0,0,0,0,0,0,0,0,0,0,0,0,0,0,0,0,0,0,0,0,0,0,0,0,0,0,0,0,0,0,0,0,0,0,0,0,0,0,0,0,0,0,0,0,0,0,0,0,0,0,0,0,0,0,0,0,0,0,0,0,0,0,0,0,0,0,0,0,0,0,0,0,0,0,0,0,0,0,0,0,0,0,0,0,0,0,0,0,0,0,0,0,0,0,0,0,0,0,0,0,0,0,0,0,0,0,0,0,0,0,0,0,0,0,0,0,0,0,0,0,0,0,0,0,0,0,0,0,0,0,0,0,0,0,0,0,0,0,0,0,0,0,0,0,0,0,0,0,0,0,0,0,0,0,0,0,0,0,0,0,0,0,0,0,0,0,0,0,0,0,0,0,0,0,0,0,0,0,0,0,0,0,0,0,0,0,0,0,0,0,0,0,0,0,0,0,0,0,0,0,0,0,0,0,0,0,0,0,0,0,0,0,0,0,0,0,0,0,0,0,0,0,0,0,0,0,0,0,0,0,0,0,0,0,0,0,0,0,0,0,0,0,0,0,0,0,0,0,0,0,0,0,0,0,0,0,0,0,0,0,0,0,0,0,0,0,0,0,0,0,0,0,0,0,0,0,0,0,0,0,0,0,0,0,0,0,0,0,0,0,0,0,0,0,0,0,0,0,0,0,0,0,0,0,0,0,0,0,0,0,0,0,0,0,0,0,0,0,0,0,0,0,0,0,0,0,0,0,0,0,0,0,0,0,0,0,0,0,0,0,0,0,0,0,0,0,0,0,0,0,0,0,0,0,0,0,0,0,0,0,0,0,0,0,0,0,0,0,0,0,0,0,0,0,0,0,0,0,0,0,0,0,0,0,0,0,0,0,0,0,0,0,0,0,0,0,0,0,0,0,0,0,0,0,0,0,0,0,0,0,0,0,0,0,0,0,0,0,0,0,0,0,0,0,0,0,0,0,0,0,0,0,0,0,0,0,0,0,0,0,0,0,0,0,0,0,0,0,0,0,0,0,0,0,0,0,0,0,0,0,0,0,0,0,0,0,0,0,0,0,0,0,0,0,0,0,0,0,0,0,0,0,0,0,0,0,0,0,0,0,0,0,0,0,0,0,0,0,0,0,0,0,0,0,0,0,0,0,0,0,0,0,0,0,0,0,0,0,0,0,0,0,0,0,0,0,0,0,0,0,0,0,3,0,0,0,0,0,0,0,0,0,0,0,0,0,0,0,0,0,0,0,0,0,0,0,0,0,0,4,0,0,0,0,0,0,0,0,0,0,0,0,0,0,0,0,0,0,0,0,0,0,0,0,0,0
GGCGGAGACGGCACACACCGAGGGTCAGTT,0,0,0,0,0,0,0,0,0,0,0,0,0,0,0,0,0,0,0,0,0,0,0,0,0,0,0,0,0,0,0,0,0,0,0,0,0,0,0,0,0,0,0,0,0,0,0,0,0,0,0,0,0,0,0,0,0,0,0,0,0,0,0,0,0,0,0,0,0,0,0,0,0,0,0,0,0,0,0,0,0,0,0,0,0,0,0,0,0,0,0,0,0,0,0,0,0,0,0,0,0,0,0,0,0,0,0,0,0,0,0,0,0,0,0,2,0,0,0,0,0,0,0,0,0,0,0,0,0,0,0,0,0,0,0,0,0,0,0,0,0,0,0,0,0,0,0,0,0,0,0,0,0,0,0,0,0,0,0,0,0,0,0,0,0,0,0,0,0,0,0,0,0,0,0,0,0,0,0,0,0,0,0,0,0,0,0,0,0,0,0,0,0,0,0,0,0,0,0,0,0,0,0,0,0,0,0,0,0,0,0,0,0,0,0,0,0,0,0,0,0,0,0,0,0,0,0,0,0,0,0,0,0,0,0,0,0,0,0,0,0,0,0,0,0,0,0,0,0,0,0,0,0,0,0,0,0,0,0,0,0,0,0,0,0,0,0,0,0,0,0,0,0,0,0,0,0,0,0,0,0,0,0,0,0,0,0,0,0,0,0,0,0,0,0,0,0,0,0,0,0,0,0,0,0,0,0,0,0,0,0,0,0,0,0,0,0,0,0,0,0,0,0,0,0,0,0,0,0,0,0,0,0,0,0,0,0,0,0,0,0,0,0,0,0,0,0,0,0,0,0,0,0,0,0,0,0,0,0,0,0,0,0,0,0,0,0,0,0,0,0,0,0,0,0,0,0,0,0,0,0,0,0,0,0,0,0,0,0,0,0,0,0,0,0,0,0,0,0,0,0,0,0,0,0,0,0,0,0,0,0,0,0,0,0,0,0,0,0,0,0,0,0,0,0,0,0,0,0,0,0,0,0,0,0,0,0,0,0,0,0,0,0,0,0,0,0,0,0,0,0,0,0,0,0,0,0,0,0,0,0,0,0,0,0,0,0,0,0,0,0,0,0,0,0,0,0,0,0,0,0,0,0,0,0,0,0,0,0,0,0,0,0,0,0,0,0,0,0,0,0,0,0,0,0,0,0,0,0,0,0,0,0,0,0,0,0,0,0,0,0,0,0,0,0,0,0,0,0,0,0,0,0,0,0,0,0,0,0,0,0,0,0,0,0,0,0,0,0,0,0,0,0,0,0,0,0,0,0,0,0,0,0,0,0,0,0,0,0,0,0,0,0,0,0,0,0,0,0,0,0,0,0,0,0,0,0,0,0,0,0,0,0,0,0,0,0,0,0,0,0,0,0,0,0,0,0,0,0,0,0,0,0,0,0,0,0,0,0,0,0,0,0,0,0,0,0,0,0,0,0,0,0,0,0,0,0,0,0,0,0,0,0,0,0,0,0,0,0,0,0,0,0,0,0,0,0,0,0,0,0,0,0,0,0,0,0,0,0,0,0,0,0,0,0,0,0,0,0,0,0,0,0,0,0,0,0,0,0,0,0,0,0,0,0,0,0
GGTCTCCCTATACCAACAGTATCGTCTCAA,0,0,0,0,0,0,0,0,0,0,0,0,0,0,0,0,0,0,0,0,0,0,0,0,0,0,0,0,0,0,0,0,0,0,0,0,0,0,0,0,0,0,0,0,0,0,0,0,0,0,0,0,0,0,0,0,0,0,0,0,0,0,0,0,0,0,0,0,0,0,0,0,0,0,0,0,0,0,0,0,0,0,0,0,0,0,0,0,0,0,0,0,0,0,0,0,0,0,0,0,5,0,0,0,0,0,0,0,0,0,0,0,0,0,0,0,0,0,0,0,0,0,0,0,0,0,0,0,0,0,0,0,2,0,0,0,0,0,0,0,0,0,0,0,0,0,0,0,0,0,0,0,0,0,0,0,0,0,0,0,0,0,0,0,0,0,0,0,0,0,0,0,0,0,0,0,0,0,0,0,0,0,0,0,0,0,0,0,0,0,0,0,0,0,0,0,0,0,0,0,0,0,0,0,0,0,0,0,0,0,0,0,0,0,0,0,0,0,0,0,0,0,0,0,0,0,0,0,0,0,0,0,0,0,0,0,0,0,0,0,0,3,0,0,0,0,0,0,0,0,0,0,0,0,0,0,0,0,0,0,0,0,0,0,0,0,0,0,0,0,0,0,0,0,0,0,0,0,0,0,0,0,0,0,0,0,0,0,0,0,0,0,0,0,0,0,0,0,0,0,0,0,0,0,0,0,0,0,0,0,0,0,0,0,0,0,0,0,0,0,0,0,0,0,0,0,0,0,0,0,0,0,0,0,0,0,0,0,0,0,0,0,0,0,0,0,0,0,0,0,0,0,0,0,0,0,0,0,0,0,0,0,0,0,0,0,0,0,0,0,0,0,0,0,0,0,0,0,0,3,0,0,0,0,0,0,0,0,0,2,0,0,0,0,0,0,0,0,0,0,0,0,0,0,0,0,0,0,0,0,0,0,0,0,0,0,0,0,0,0,0,0,0,0,0,0,0,0,0,0,0,0,0,0,0,0,0,0,0,0,2,0,0,0,0,0,0,0,0,0,0,0,0,0,0,0,0,0,0,0,0,0,0,0,0,0,0,3,0,0,0,0,0,0,0,0,0,0,0,0,0,0,0,0,0,0,0,0,0,0,0,0,0,0,0,0,0,0,0,0,5,0,0,0,0,0,0,0,0,0,0,0,0,0,0,0,0,0,0,0,0,0,0,0,0,0,0,0,0,0,0,0,0,0,0,0,0,0,0,0,0,0,0,0,0,0,0,0,0,0,0,0,0,0,0,0,0,0,0,0,0,0,0,0,0,0,0,0,0,0,0,0,0,0,0,0,0,0,0,0,0,0,0,0,0,0,0,0,0,0,0,0,0,0,0,0,0,0,0,0,0,0,0,0,0,0,0,0,0,0,0,0,0,0,0,0,0,0,0,0,0,0,0,0,0,0,0,0,0,0,0,0,0,0,0,0,0,0,0,0,0,0,0,0,0,0,0,0,0,0,0,0,0,0,0,0,0,0,0,0,0,0,0,0,0,0,0,0,0,0,0,0,0,0,0,0,0,0,0,0,0,0,0,0,0,0,0,0,0,0,0,0,0,0,0,0,0
TGTCAATCGTTCGGTTGAGCAAGATCTTAG,3,2,2,2,2,4,3,6,2,3,3,2,2,5,2,2,2,2,2,2,2,3,2,2,2,3,2,4,2,2,2,3,2,3,4,5,4,2,2,2,3,3,2,2,2,2,3,2,2,3,2,4,2,2,4,2,3,2,2,2,2,3,2,2,2,2,3,2,5,2,3,2,2,2,2,11,2,3,2,4,5,5,2,2,4,2,2,2,3,3,3,4,2,2,2,3,2,3,3,3,0,3,2,4,2,4,2,2,3,4,3,3,2,2,2,0,5,2,2,2,2,2,3,2,2,2,2,4,2,2,4,3,0,2,2,2,2,2,2,2,2,2,11,2,2,2,2,2,3,5,2,2,3,2,2,3,2,2,3,2,2,2,3,2,2,5,4,2,5,2,3,2,2,2,2,2,2,2,2,4,2,3,3,2,2,2,2,2,2,12,3,2,3,3,2,2,2,2,4,2,2,3,3,2,2,2,3,3,2,4,2,2,2,5,2,3,7,3,2,2,2,2,2,2,3,3,2,5,2,4,3,5,3,3,2,2,4,2,2,2,2,0,3,3,2,3,2,2,2,2,4,2,2,2,2,3,3,2,2,4,2,2,2,4,2,5,3,2,2,2,2,2,2,3,3,14,2,3,2,2,3,3,2,2,2,2,3,4,2,2,2,2,2,2,2,2,5,2,3,6,6,2,2,3,5,2,3,2,2,2,6,2,2,4,2,6,2,2,2,3,5,3,3,7,2,2,3,3,3,2,2,2,2,3,2,2,8,3,3,2,3,5,3,2,3,5,2,2,2,2,2,2,2,3,2,2,3,2,3,2,2,5,2,2,3,4,5,2,4,3,3,3,2,2,2,2,2,2,2,0,4,3,2,5,3,2,3,2,2,0,2,4,2,2,2,2,2,3,2,2,3,2,2,3,2,2,2,3,6,5,3,2,2,6,2,2,3,3,3,2,2,2,2,2,7,2,3,2,4,3,2,2,2,3,2,2,3,2,2,2,0,2,2,6,2,2,2,5,3,2,2,2,2,2,2,2,2,3,2,2,4,5,2,2,2,2,3,0,4,2,2,2,3,2,2,2,6,3,2,2,3,2,4,3,3,2,3,7,2,2,2,2,2,2,3,3,2,2,2,2,0,3,3,2,2,2,2,2,2,2,2,2,2,2,2,7,2,2,2,2,3,2,2,2,3,4,2,5,2,3,2,7,2,2,2,2,2,2,2,2,5,2,2,4,2,3,3,2,2,2,3,2,2,2,3,3,2,3,3,2,2,4,2,2,2,3,2,2,2,3,2,2,7,2,2,2,2,5,3,2,2,2,2,3,2,2,3,2,2,2,5,2,2,2,3,4,2,3,2,2,2,5,8,3,2,2,4,3,2,2,3,2,2,3,3,2,3,3,2,2,3,4,2,2,4,6,3,2,3,3,4,2,2,3,2,4,5,2,2,3,3,2,2,0,2,2,2,4,2,2,2,3,5,2,2,2,2,3,2,2,2,3,2,2,3,3,3,2,2,4,0,2,2,2,5,2,3,2,2,2,2,2,2,7,3,2,3,4,4,2,2,3,3,2,2,2,2
